Component: ARM Compiler 5.06 update 4 (build 422) Tool: armlink [4d35d2]

==============================================================================

Section Cross References

    startup_stm32f103xb.o(RESET) refers to startup_stm32f103xb.o(STACK) for __initial_sp
    startup_stm32f103xb.o(RESET) refers to startup_stm32f103xb.o(.text) for Reset_Handler
    startup_stm32f103xb.o(RESET) refers to stm32f1xx_it.o(i.NMI_Handler) for NMI_Handler
    startup_stm32f103xb.o(RESET) refers to stm32f1xx_it.o(i.HardFault_Handler) for HardFault_Handler
    startup_stm32f103xb.o(RESET) refers to stm32f1xx_it.o(i.MemManage_Handler) for MemManage_Handler
    startup_stm32f103xb.o(RESET) refers to stm32f1xx_it.o(i.BusFault_Handler) for BusFault_Handler
    startup_stm32f103xb.o(RESET) refers to stm32f1xx_it.o(i.UsageFault_Handler) for UsageFault_Handler
    startup_stm32f103xb.o(RESET) refers to stm32f1xx_it.o(i.SVC_Handler) for SVC_Handler
    startup_stm32f103xb.o(RESET) refers to stm32f1xx_it.o(i.DebugMon_Handler) for DebugMon_Handler
    startup_stm32f103xb.o(RESET) refers to stm32f1xx_it.o(i.PendSV_Handler) for PendSV_Handler
    startup_stm32f103xb.o(RESET) refers to stm32f1xx_it.o(i.SysTick_Handler) for SysTick_Handler
    startup_stm32f103xb.o(RESET) refers to stm32f1xx_it.o(i.EXTI2_IRQHandler) for EXTI2_IRQHandler
    startup_stm32f103xb.o(RESET) refers to stm32f1xx_it.o(i.DMA1_Channel6_IRQHandler) for DMA1_Channel6_IRQHandler
    startup_stm32f103xb.o(RESET) refers to stm32f1xx_it.o(i.USB_LP_CAN1_RX0_IRQHandler) for USB_LP_CAN1_RX0_IRQHandler
    startup_stm32f103xb.o(RESET) refers to stm32f1xx_it.o(i.TIM3_IRQHandler) for TIM3_IRQHandler
    startup_stm32f103xb.o(RESET) refers to stm32f1xx_it.o(i.USART2_IRQHandler) for USART2_IRQHandler
    startup_stm32f103xb.o(.text) refers to system_stm32f1xx.o(i.SystemInit) for SystemInit
    startup_stm32f103xb.o(.text) refers to entry.o(.ARM.Collect$$$$00000000) for __main
    main.o(i.HAL_TIM_PeriodElapsedCallback) refers to main.o(.data) for CAN_Tx_Flag
    main.o(i.MX_CAN_Init) refers to stm32f1xx_hal_can.o(i.HAL_CAN_Init) for HAL_CAN_Init
    main.o(i.MX_CAN_Init) refers to main.o(i._Error_Handler) for _Error_Handler
    main.o(i.MX_CAN_Init) refers to main.o(.bss) for hcan
    main.o(i.MX_DMA_Init) refers to stm32f1xx_hal_cortex.o(i.HAL_NVIC_SetPriority) for HAL_NVIC_SetPriority
    main.o(i.MX_DMA_Init) refers to stm32f1xx_hal_cortex.o(i.HAL_NVIC_EnableIRQ) for HAL_NVIC_EnableIRQ
    main.o(i.MX_GPIO_Init) refers to stm32f1xx_hal_gpio.o(i.HAL_GPIO_WritePin) for HAL_GPIO_WritePin
    main.o(i.MX_GPIO_Init) refers to stm32f1xx_hal_gpio.o(i.HAL_GPIO_Init) for HAL_GPIO_Init
    main.o(i.MX_GPIO_Init) refers to stm32f1xx_hal_cortex.o(i.HAL_NVIC_SetPriority) for HAL_NVIC_SetPriority
    main.o(i.MX_GPIO_Init) refers to stm32f1xx_hal_cortex.o(i.HAL_NVIC_EnableIRQ) for HAL_NVIC_EnableIRQ
    main.o(i.MX_TIM3_Init) refers to stm32f1xx_hal_tim.o(i.HAL_TIM_Base_Init) for HAL_TIM_Base_Init
    main.o(i.MX_TIM3_Init) refers to main.o(i._Error_Handler) for _Error_Handler
    main.o(i.MX_TIM3_Init) refers to stm32f1xx_hal_tim.o(i.HAL_TIM_ConfigClockSource) for HAL_TIM_ConfigClockSource
    main.o(i.MX_TIM3_Init) refers to stm32f1xx_hal_tim_ex.o(i.HAL_TIMEx_MasterConfigSynchronization) for HAL_TIMEx_MasterConfigSynchronization
    main.o(i.MX_TIM3_Init) refers to main.o(.bss) for htim3
    main.o(i.MX_USART2_UART_Init) refers to stm32f1xx_hal_uart.o(i.HAL_UART_Init) for HAL_UART_Init
    main.o(i.MX_USART2_UART_Init) refers to main.o(i._Error_Handler) for _Error_Handler
    main.o(i.MX_USART2_UART_Init) refers to main.o(.bss) for huart2
    main.o(i.SystemClock_Config) refers to stm32f1xx_hal_rcc.o(i.HAL_RCC_OscConfig) for HAL_RCC_OscConfig
    main.o(i.SystemClock_Config) refers to main.o(i._Error_Handler) for _Error_Handler
    main.o(i.SystemClock_Config) refers to stm32f1xx_hal_rcc.o(i.HAL_RCC_ClockConfig) for HAL_RCC_ClockConfig
    main.o(i.SystemClock_Config) refers to stm32f1xx_hal_rcc.o(i.HAL_RCC_GetHCLKFreq) for HAL_RCC_GetHCLKFreq
    main.o(i.SystemClock_Config) refers to stm32f1xx_hal_cortex.o(i.HAL_SYSTICK_Config) for HAL_SYSTICK_Config
    main.o(i.SystemClock_Config) refers to stm32f1xx_hal_cortex.o(i.HAL_SYSTICK_CLKSourceConfig) for HAL_SYSTICK_CLKSourceConfig
    main.o(i.SystemClock_Config) refers to stm32f1xx_hal_cortex.o(i.HAL_NVIC_SetPriority) for HAL_NVIC_SetPriority
    main.o(i.main) refers to stm32f1xx_hal.o(i.HAL_Init) for HAL_Init
    main.o(i.main) refers to main.o(i.SystemClock_Config) for SystemClock_Config
    main.o(i.main) refers to main.o(i.MX_GPIO_Init) for MX_GPIO_Init
    main.o(i.main) refers to main.o(i.MX_DMA_Init) for MX_DMA_Init
    main.o(i.main) refers to main.o(i.MX_CAN_Init) for MX_CAN_Init
    main.o(i.main) refers to main.o(i.MX_TIM3_Init) for MX_TIM3_Init
    main.o(i.main) refers to main.o(i.MX_USART2_UART_Init) for MX_USART2_UART_Init
    main.o(i.main) refers to can.o(i.CAN_TX_Init) for CAN_TX_Init
[...]
    Removing stm32f1xx_hal_tim.o(i.HAL_TIM_IC_Start), (32 bytes).
    Removing stm32f1xx_hal_tim.o(i.HAL_TIM_IC_Start_DMA), (268 bytes).
    Removing stm32f1xx_hal_tim.o(i.HAL_TIM_IC_Start_IT), (108 bytes).
    Removing stm32f1xx_hal_tim.o(i.HAL_TIM_IC_Stop), (58 bytes).
    Removing stm32f1xx_hal_tim.o(i.HAL_TIM_IC_Stop_DMA), (140 bytes).
    Removing stm32f1xx_hal_tim.o(i.HAL_TIM_IC_Stop_IT), (134 bytes).
    Removing stm32f1xx_hal_tim.o(i.HAL_TIM_OC_ConfigChannel), (116 bytes).
    Removing stm32f1xx_hal_tim.o(i.HAL_TIM_OC_DeInit), (70 bytes).
    Removing stm32f1xx_hal_tim.o(i.HAL_TIM_OC_GetState), (8 bytes).
    Removing stm32f1xx_hal_tim.o(i.HAL_TIM_OC_Init), (52 bytes).
    Removing stm32f1xx_hal_tim.o(i.HAL_TIM_OC_MspDeInit), (2 bytes).
    Removing stm32f1xx_hal_tim.o(i.HAL_TIM_OC_MspInit), (2 bytes).
    Removing stm32f1xx_hal_tim.o(i.HAL_TIM_OC_Start), (64 bytes).
    Removing stm32f1xx_hal_tim.o(i.HAL_TIM_OC_Start_DMA), (300 bytes).
    Removing stm32f1xx_hal_tim.o(i.HAL_TIM_OC_Start_IT), (140 bytes).
    Removing stm32f1xx_hal_tim.o(i.HAL_TIM_OC_Stop), (116 bytes).
    Removing stm32f1xx_hal_tim.o(i.HAL_TIM_OC_Stop_DMA), (200 bytes).
    Removing stm32f1xx_hal_tim.o(i.HAL_TIM_OC_Stop_IT), (192 bytes).
    Removing stm32f1xx_hal_tim.o(i.HAL_TIM_OnePulse_ConfigChannel), (286 bytes).
    Removing stm32f1xx_hal_tim.o(i.HAL_TIM_OnePulse_DeInit), (70 bytes).
    Removing stm32f1xx_hal_tim.o(i.HAL_TIM_OnePulse_GetState), (8 bytes).
    Removing stm32f1xx_hal_tim.o(i.HAL_TIM_OnePulse_Init), (76 bytes).
    Removing stm32f1xx_hal_tim.o(i.HAL_TIM_OnePulse_MspDeInit), (2 bytes).
    Removing stm32f1xx_hal_tim.o(i.HAL_TIM_OnePulse_MspInit), (2 bytes).
    Removing stm32f1xx_hal_tim.o(i.HAL_TIM_OnePulse_Start), (64 bytes).
    Removing stm32f1xx_hal_tim.o(i.HAL_TIM_OnePulse_Start_IT), (88 bytes).
    Removing stm32f1xx_hal_tim.o(i.HAL_TIM_OnePulse_Stop), (128 bytes).
    Removing stm32f1xx_hal_tim.o(i.HAL_TIM_OnePulse_Stop_IT), (152 bytes).
    Removing stm32f1xx_hal_tim.o(i.HAL_TIM_PWM_ConfigChannel), (264 bytes).
    Removing stm32f1xx_hal_tim.o(i.HAL_TIM_PWM_DeInit), (70 bytes).
    Removing stm32f1xx_hal_tim.o(i.HAL_TIM_PWM_GetState), (8 bytes).
    Removing stm32f1xx_hal_tim.o(i.HAL_TIM_PWM_Init), (52 bytes).
    Removing stm32f1xx_hal_tim.o(i.HAL_TIM_PWM_MspDeInit), (2 bytes).
    Removing stm32f1xx_hal_tim.o(i.HAL_TIM_PWM_MspInit), (2 bytes).
    Removing stm32f1xx_hal_tim.o(i.HAL_TIM_PWM_Start), (64 bytes).
    Removing stm32f1xx_hal_tim.o(i.HAL_TIM_PWM_Start_DMA), (300 bytes).
    Removing stm32f1xx_hal_tim.o(i.HAL_TIM_PWM_Start_IT), (140 bytes).
    Removing stm32f1xx_hal_tim.o(i.HAL_TIM_PWM_Stop), (124 bytes).
    Removing stm32f1xx_hal_tim.o(i.HAL_TIM_PWM_Stop_DMA), (200 bytes).
    Removing stm32f1xx_hal_tim.o(i.HAL_TIM_PWM_Stop_IT), (192 bytes).
    Removing stm32f1xx_hal_tim.o(i.HAL_TIM_PeriodElapsedCallback), (2 bytes).
    Removing stm32f1xx_hal_tim.o(i.HAL_TIM_ReadCapturedValue), (84 bytes).
    Removing stm32f1xx_hal_tim.o(i.HAL_TIM_SlaveConfigSynchronization), (86 bytes).
    Removing stm32f1xx_hal_tim.o(i.HAL_TIM_SlaveConfigSynchronization_IT), (86 bytes).
    Removing stm32f1xx_hal_tim.o(i.TIM_CCxChannelCmd), (28 bytes).
    Removing stm32f1xx_hal_tim.o(i.TIM_DMACaptureCplt), (70 bytes).
    Removing stm32f1xx_hal_tim.o(i.TIM_DMADelayPulseCplt), (70 bytes).
    Removing stm32f1xx_hal_tim.o(i.TIM_DMAError), (20 bytes).
    Removing stm32f1xx_hal_tim.o(i.TIM_DMAPeriodElapsedCplt), (20 bytes).
    Removing stm32f1xx_hal_tim.o(i.TIM_DMATriggerCplt), (20 bytes).
    Removing stm32f1xx_hal_tim.o(i.TIM_OC1_SetConfig), (100 bytes).
    Removing stm32f1xx_hal_tim.o(i.TIM_OC2_SetConfig), (112 bytes).
    Removing stm32f1xx_hal_tim.o(i.TIM_OC3_SetConfig), (108 bytes).
    Removing stm32f1xx_hal_tim.o(i.TIM_OC4_SetConfig), (80 bytes).
    Removing stm32f1xx_hal_tim.o(i.TIM_SlaveTimer_SetConfig), (164 bytes).
    Removing stm32f1xx_hal_tim.o(i.TIM_TI1_SetConfig), (108 bytes).
    Removing stm32f1xx_hal_tim.o(i.TIM_TI2_SetConfig), (62 bytes).
    Removing stm32f1xx_hal_tim.o(i.TIM_TI3_SetConfig), (60 bytes).
    Removing stm32f1xx_hal_tim.o(i.TIM_TI4_SetConfig), (64 bytes).
    Removing stm32f1xx_hal_dma.o(.rev16_text), (4 bytes).
    Removing stm32f1xx_hal_dma.o(.revsh_text), (4 bytes).
    Removing stm32f1xx_hal_dma.o(.rrx_text), (6 bytes).
    Removing stm32f1xx_hal_dma.o(i.HAL_DMA_Abort_IT), (176 bytes).
    Removing stm32f1xx_hal_dma.o(i.HAL_DMA_DeInit), (96 bytes).
    Removing stm32f1xx_hal_dma.o(i.HAL_DMA_GetError), (6 bytes).
    Removing stm32f1xx_hal_dma.o(i.HAL_DMA_GetState), (8 bytes).
    Removing stm32f1xx_hal_dma.o(i.HAL_DMA_PollForTransfer), (692 bytes).
    Removing stm32f1xx_hal_dma.o(i.HAL_DMA_RegisterCallback), (90 bytes).
    Removing stm32f1xx_hal_dma.o(i.HAL_DMA_Start), (114 bytes).
    Removing stm32f1xx_hal_dma.o(i.HAL_DMA_UnRegisterCallback), (106 bytes).
    Removing stm32f1xx_hal_rcc_ex.o(.rev16_text), (4 bytes).
    Removing stm32f1xx_hal_rcc_ex.o(.revsh_text), (4 bytes).
    Removing stm32f1xx_hal_rcc_ex.o(.rrx_text), (6 bytes).
    Removing stm32f1xx_hal_rcc_ex.o(i.HAL_RCCEx_GetPeriphCLKConfig), (60 bytes).
    Removing stm32f1xx_hal_rcc_ex.o(i.HAL_RCCEx_GetPeriphCLKFreq), (288 bytes).
    Removing stm32f1xx_hal_rcc_ex.o(i.HAL_RCCEx_PeriphCLKConfig), (304 bytes).
    Removing stm32f1xx_hal_flash_ex.o(.rev16_text), (4 bytes).
    Removing stm32f1xx_hal_flash_ex.o(.revsh_text), (4 bytes).
    Removing stm32f1xx_hal_flash_ex.o(.rrx_text), (6 bytes).
    Removing stm32f1xx_hal_flash_ex.o(i.FLASH_OB_DisableWRP), (232 bytes).
    Removing stm32f1xx_hal_flash_ex.o(i.FLASH_OB_EnableWRP), (236 bytes).
    Removing stm32f1xx_hal_flash_ex.o(i.FLASH_OB_GetRDP), (28 bytes).
    Removing stm32f1xx_hal_flash_ex.o(i.FLASH_OB_GetUser), (16 bytes).
    Removing stm32f1xx_hal_flash_ex.o(i.FLASH_OB_GetWRP), (12 bytes).
    Removing stm32f1xx_hal_flash_ex.o(i.FLASH_OB_ProgramData), (76 bytes).
    Removing stm32f1xx_hal_flash_ex.o(i.FLASH_OB_RDP_LevelConfig), (124 bytes).
    Removing stm32f1xx_hal_flash_ex.o(i.FLASH_OB_UserConfig), (84 bytes).
    Removing stm32f1xx_hal_flash_ex.o(i.HAL_FLASHEx_Erase_IT), (100 bytes).
    Removing stm32f1xx_hal_flash_ex.o(i.HAL_FLASHEx_OBErase), (96 bytes).
    Removing stm32f1xx_hal_flash_ex.o(i.HAL_FLASHEx_OBGetConfig), (28 bytes).
    Removing stm32f1xx_hal_flash_ex.o(i.HAL_FLASHEx_OBGetUserData), (40 bytes).
    Removing stm32f1xx_hal_flash_ex.o(i.HAL_FLASHEx_OBProgram), (200 bytes).
    Removing stm32f1xx_hal.o(.rev16_text), (4 bytes).
    Removing stm32f1xx_hal.o(.revsh_text), (4 bytes).
    Removing stm32f1xx_hal.o(.rrx_text), (6 bytes).
    Removing stm32f1xx_hal.o(i.HAL_DBGMCU_DisableDBGSleepMode), (20 bytes).
    Removing stm32f1xx_hal.o(i.HAL_DBGMCU_DisableDBGStandbyMode), (20 bytes).
    Removing stm32f1xx_hal.o(i.HAL_DBGMCU_DisableDBGStopMode), (20 bytes).
    Removing stm32f1xx_hal.o(i.HAL_DBGMCU_EnableDBGSleepMode), (20 bytes).
    Removing stm32f1xx_hal.o(i.HAL_DBGMCU_EnableDBGStandbyMode), (20 bytes).
    Removing stm32f1xx_hal.o(i.HAL_DBGMCU_EnableDBGStopMode), (20 bytes).
    Removing stm32f1xx_hal.o(i.HAL_DeInit), (36 bytes).
    Removing stm32f1xx_hal.o(i.HAL_GetDEVID), (16 bytes).
    Removing stm32f1xx_hal.o(i.HAL_GetHalVersion), (8 bytes).
    Removing stm32f1xx_hal.o(i.HAL_GetREVID), (12 bytes).
    Removing stm32f1xx_hal.o(i.HAL_GetTickFreq), (12 bytes).
    Removing stm32f1xx_hal.o(i.HAL_GetTickPrio), (12 bytes).
    Removing stm32f1xx_hal.o(i.HAL_GetUID), (28 bytes).
    Removing stm32f1xx_hal.o(i.HAL_MspDeInit), (2 bytes).
    Removing stm32f1xx_hal.o(i.HAL_MspInit), (2 bytes).
    Removing stm32f1xx_hal.o(i.HAL_ResumeTick), (18 bytes).
    Removing stm32f1xx_hal.o(i.HAL_SetTickFreq), (40 bytes).
    Removing stm32f1xx_hal.o(i.HAL_SuspendTick), (18 bytes).
    Removing stm32f1xx_hal_gpio.o(.rev16_text), (4 bytes).
    Removing stm32f1xx_hal_gpio.o(.revsh_text), (4 bytes).
    Removing stm32f1xx_hal_gpio.o(.rrx_text), (6 bytes).
    Removing stm32f1xx_hal_gpio.o(i.HAL_GPIO_DeInit), (312 bytes).
    Removing stm32f1xx_hal_gpio.o(i.HAL_GPIO_LockPin), (46 bytes).
    Removing stm32f1xx_hal_tim_ex.o(.rev16_text), (4 bytes).
    Removing stm32f1xx_hal_tim_ex.o(.revsh_text), (4 bytes).
    Removing stm32f1xx_hal_tim_ex.o(.rrx_text), (6 bytes).
    Removing stm32f1xx_hal_tim_ex.o(i.HAL_TIMEx_ConfigBreakDeadTime), (126 bytes).
    Removing stm32f1xx_hal_tim_ex.o(i.HAL_TIMEx_ConfigCommutationEvent), (110 bytes).
    Removing stm32f1xx_hal_tim_ex.o(i.HAL_TIMEx_ConfigCommutationEvent_DMA), (144 bytes).
    Removing stm32f1xx_hal_tim_ex.o(i.HAL_TIMEx_ConfigCommutationEvent_IT), (122 bytes).
    Removing stm32f1xx_hal_tim_ex.o(i.HAL_TIMEx_HallSensor_DeInit), (70 bytes).
    Removing stm32f1xx_hal_tim_ex.o(i.HAL_TIMEx_HallSensor_GetState), (8 bytes).
    Removing stm32f1xx_hal_tim_ex.o(i.HAL_TIMEx_HallSensor_Init), (208 bytes).
    Removing stm32f1xx_hal_tim_ex.o(i.HAL_TIMEx_HallSensor_MspDeInit), (2 bytes).
    Removing stm32f1xx_hal_tim_ex.o(i.HAL_TIMEx_HallSensor_MspInit), (2 bytes).
    Removing stm32f1xx_hal_tim_ex.o(i.HAL_TIMEx_HallSensor_Start), (30 bytes).
    Removing stm32f1xx_hal_tim_ex.o(i.HAL_TIMEx_HallSensor_Start_DMA), (112 bytes).
    Removing stm32f1xx_hal_tim_ex.o(i.HAL_TIMEx_HallSensor_Start_IT), (42 bytes).
    Removing stm32f1xx_hal_tim_ex.o(i.HAL_TIMEx_HallSensor_Stop), (56 bytes).
    Removing stm32f1xx_hal_tim_ex.o(i.HAL_TIMEx_HallSensor_Stop_DMA), (68 bytes).
    Removing stm32f1xx_hal_tim_ex.o(i.HAL_TIMEx_HallSensor_Stop_IT), (68 bytes).
    Removing stm32f1xx_hal_tim_ex.o(i.HAL_TIMEx_OCN_Start), (44 bytes).
    Removing stm32f1xx_hal_tim_ex.o(i.HAL_TIMEx_OCN_Start_DMA), (232 bytes).
    Removing stm32f1xx_hal_tim_ex.o(i.HAL_TIMEx_OCN_Start_IT), (114 bytes).
    Removing stm32f1xx_hal_tim_ex.o(i.HAL_TIMEx_OCN_Stop), (96 bytes).
    Removing stm32f1xx_hal_tim_ex.o(i.HAL_TIMEx_OCN_Stop_DMA), (160 bytes).
    Removing stm32f1xx_hal_tim_ex.o(i.HAL_TIMEx_OCN_Stop_IT), (180 bytes).
    Removing stm32f1xx_hal_tim_ex.o(i.HAL_TIMEx_OnePulseN_Start), (32 bytes).
    Removing stm32f1xx_hal_tim_ex.o(i.HAL_TIMEx_OnePulseN_Start_IT), (56 bytes).
    Removing stm32f1xx_hal_tim_ex.o(i.HAL_TIMEx_OnePulseN_Stop), (96 bytes).
    Removing stm32f1xx_hal_tim_ex.o(i.HAL_TIMEx_OnePulseN_Stop_IT), (120 bytes).
    Removing stm32f1xx_hal_tim_ex.o(i.HAL_TIMEx_PWMN_Start), (44 bytes).
    Removing stm32f1xx_hal_tim_ex.o(i.HAL_TIMEx_PWMN_Start_DMA), (232 bytes).
    Removing stm32f1xx_hal_tim_ex.o(i.HAL_TIMEx_PWMN_Start_IT), (114 bytes).
    Removing stm32f1xx_hal_tim_ex.o(i.HAL_TIMEx_PWMN_Stop), (96 bytes).
    Removing stm32f1xx_hal_tim_ex.o(i.HAL_TIMEx_PWMN_Stop_DMA), (160 bytes).
    Removing stm32f1xx_hal_tim_ex.o(i.HAL_TIMEx_PWMN_Stop_IT), (180 bytes).
    Removing stm32f1xx_hal_tim_ex.o(i.TIMEx_DMACommutationCplt), (20 bytes).
    Removing stm32f1xx_hal_tim_ex.o(i.TIM_CCxNChannelCmd), (28 bytes).
    Removing system_stm32f1xx.o(.rev16_text), (4 bytes).
    Removing system_stm32f1xx.o(.revsh_text), (4 bytes).
    Removing system_stm32f1xx.o(.rrx_text), (6 bytes).
    Removing system_stm32f1xx.o(i.SystemCoreClockUpdate), (164 bytes).
    Removing can.o(.rev16_text), (4 bytes).
    Removing can.o(.revsh_text), (4 bytes).
    Removing can.o(.rrx_text), (6 bytes).
    Removing cmt2219a.o(.rev16_text), (4 bytes).
    Removing cmt2219a.o(.revsh_text), (4 bytes).
    Removing cmt2219a.o(.rrx_text), (6 bytes).
    Removing cmt2219a.o(i.bCMT2219_ReadRegister), (12 bytes).
    Removing delay.o(.rev16_text), (4 bytes).
    Removing delay.o(.revsh_text), (4 bytes).
    Removing delay.o(.rrx_text), (6 bytes).
    Removing internalflash.o(.rev16_text), (4 bytes).
    Removing internalflash.o(.revsh_text), (4 bytes).
    Removing internalflash.o(.rrx_text), (6 bytes).
    Removing internalflash.o(i.FlashWrite_SingleUint32), (38 bytes).
    Removing internalflash.o(i.GetFlashData_SingleUint32), (12 bytes).
    Removing internalflash.o(i.GetFlashData_U32), (32 bytes).
    Removing tft.o(.rev16_text), (4 bytes).
    Removing tft.o(.revsh_text), (4 bytes).
    Removing tft.o(.rrx_text), (6 bytes).
    Removing wirespi.o(.rev16_text), (4 bytes).
    Removing wirespi.o(.revsh_text), (4 bytes).
    Removing wirespi.o(.rrx_text), (6 bytes).
    Removing wirespi.o(i.SDIO_L), (28 bytes).
    Removing wirespi.o(i.vSpi3BurstReadFIFO), (28 bytes).
    Removing wirespi.o(i.vSpi3BurstWriteFIFO), (28 bytes).
    Removing wirespi.o(i.vSpi3WriteFIFO), (110 bytes).

350 unused section(s) (total 24534 bytes) removed from the image.

==============================================================================

Image Symbol Table

    Local Symbols

    Symbol Name                              Value     Ov Type        Size  Object(Section)

    ..//Src/system_stm32f1xx.c               0x00000000   Number         0  system_stm32f1xx.o ABSOLUTE
    ../Drivers/STM32F1xx_HAL_Driver/Src/stm32f1xx_hal.c 0x00000000   Number         0  stm32f1xx_hal.o ABSOLUTE
    ../Drivers/STM32F1xx_HAL_Driver/Src/stm32f1xx_hal_can.c 0x00000000   Number         0  stm32f1xx_hal_can.o ABSOLUTE
    ../Drivers/STM32F1xx_HAL_Driver/Src/stm32f1xx_hal_cortex.c 0x00000000   Number         0  stm32f1xx_hal_cortex.o ABSOLUTE
    ../Drivers/STM32F1xx_HAL_Driver/Src/stm32f1xx_hal_dma.c 0x00000000   Number         0  stm32f1xx_hal_dma.o ABSOLUTE
    ../Drivers/STM32F1xx_HAL_Driver/Src/stm32f1xx_hal_flash.c 0x00000000   Number         0  stm32f1xx_hal_flash.o ABSOLUTE
    ../Drivers/STM32F1xx_HAL_Driver/Src/stm32f1xx_hal_flash_ex.c 0x00000000   Number         0  stm32f1xx_hal_flash_ex.o ABSOLUTE
    ../Drivers/STM32F1xx_HAL_Driver/Src/stm32f1xx_hal_gpio.c 0x00000000   Number         0  stm32f1xx_hal_gpio.o ABSOLUTE
    ../Drivers/STM32F1xx_HAL_Driver/Src/stm32f1xx_hal_gpio_ex.c 0x00000000   Number         0  stm32f1xx_hal_gpio_ex.o ABSOLUTE
    ../Drivers/STM32F1xx_HAL_Driver/Src/stm32f1xx_hal_pwr.c 0x00000000   Number         0  stm32f1xx_hal_pwr.o ABSOLUTE
    ../Drivers/STM32F1xx_HAL_Driver/Src/stm32f1xx_hal_rcc.c 0x00000000   Number         0  stm32f1xx_hal_rcc.o ABSOLUTE
    ../Drivers/STM32F1xx_HAL_Driver/Src/stm32f1xx_hal_rcc_ex.c 0x00000000   Number         0  stm32f1xx_hal_rcc_ex.o ABSOLUTE
    ../Drivers/STM32F1xx_HAL_Driver/Src/stm32f1xx_hal_tim.c 0x00000000   Number         0  stm32f1xx_hal_tim.o ABSOLUTE
    ../Drivers/STM32F1xx_HAL_Driver/Src/stm32f1xx_hal_tim_ex.c 0x00000000   Number         0  stm32f1xx_hal_tim_ex.o ABSOLUTE
    ../Drivers/STM32F1xx_HAL_Driver/Src/stm32f1xx_hal_uart.c 0x00000000   Number         0  stm32f1xx_hal_uart.o ABSOLUTE
    ../Src/main.c                            0x00000000   Number         0  main.o ABSOLUTE
    ../Src/stm32f1xx_hal_msp.c               0x00000000   Number         0  stm32f1xx_hal_msp.o ABSOLUTE
    ../Src/stm32f1xx_it.c                    0x00000000   Number         0  stm32f1xx_it.o ABSOLUTE
    ../clib/microlib/init/entry.s            0x00000000   Number         0  entry2.o ABSOLUTE
    ../clib/microlib/init/entry.s            0x00000000   Number         0  entry5.o ABSOLUTE
    ../clib/microlib/init/entry.s            0x00000000   Number         0  entry7a.o ABSOLUTE
    ../clib/microlib/init/entry.s            0x00000000   Number         0  entry7b.o ABSOLUTE
    ../clib/microlib/init/entry.s            0x00000000   Number         0  entry8a.o ABSOLUTE
    ../clib/microlib/init/entry.s            0x00000000   Number         0  entry8b.o ABSOLUTE
    ../clib/microlib/init/entry.s            0x00000000   Number         0  entry9a.o ABSOLUTE
    ../clib/microlib/init/entry.s            0x00000000   Number         0  entry11b.o ABSOLUTE
    ../clib/microlib/init/entry.s            0x00000000   Number         0  entry11a.o ABSOLUTE
    ../clib/microlib/init/entry.s            0x00000000   Number         0  entry10a.o ABSOLUTE
    ../clib/microlib/init/entry.s            0x00000000   Number         0  entry9b.o ABSOLUTE
    ../clib/microlib/init/entry.s            0x00000000   Number         0  entry10b.o ABSOLUTE
    ../clib/microlib/init/entry.s            0x00000000   Number         0  entry.o ABSOLUTE
    ../clib/microlib/longlong.c              0x00000000   Number         0  llshl.o ABSOLUTE
    ../clib/microlib/longlong.c              0x00000000   Number         0  llushr.o ABSOLUTE
    ../clib/microlib/stubs.s                 0x00000000   Number         0  iusefp.o ABSOLUTE
    ../fplib/microlib/f2d.c                  0x00000000   Number         0  f2d.o ABSOLUTE
    ../fplib/microlib/fpadd.c                0x00000000   Number         0  fadd.o ABSOLUTE
    ../fplib/microlib/fpdiv.c                0x00000000   Number         0  ddiv.o ABSOLUTE
    ../fplib/microlib/fpepilogue.c           0x00000000   Number         0  depilogue.o ABSOLUTE
    ../fplib/microlib/fpepilogue.c           0x00000000   Number         0  fepilogue.o ABSOLUTE
    ../fplib/microlib/fpfix.c                0x00000000   Number         0  dfixui.o ABSOLUTE
    ../fplib/microlib/fpfix.c                0x00000000   Number         0  ffixui.o ABSOLUTE
    ..\Drivers\STM32F1xx_HAL_Driver\Src\stm32f1xx_hal.c 0x00000000   Number         0  stm32f1xx_hal.o ABSOLUTE
    ..\Drivers\STM32F1xx_HAL_Driver\Src\stm32f1xx_hal_can.c 0x00000000   Number         0  stm32f1xx_hal_can.o ABSOLUTE
    ..\Drivers\STM32F1xx_HAL_Driver\Src\stm32f1xx_hal_cortex.c 0x00000000   Number         0  stm32f1xx_hal_cortex.o ABSOLUTE
    ..\Drivers\STM32F1xx_HAL_Driver\Src\stm32f1xx_hal_dma.c 0x00000000   Number         0  stm32f1xx_hal_dma.o ABSOLUTE
    ..\Drivers\STM32F1xx_HAL_Driver\Src\stm32f1xx_hal_flash.c 0x00000000   Number         0  stm32f1xx_hal_flash.o ABSOLUTE
    ..\Drivers\STM32F1xx_HAL_Driver\Src\stm32f1xx_hal_flash_ex.c 0x00000000   Number         0  stm32f1xx_hal_flash_ex.o ABSOLUTE
    ..\Drivers\STM32F1xx_HAL_Driver\Src\stm32f1xx_hal_gpio.c 0x00000000   Number         0  stm32f1xx_hal_gpio.o ABSOLUTE
    ..\Drivers\STM32F1xx_HAL_Driver\Src\stm32f1xx_hal_gpio_ex.c 0x00000000   Number         0  stm32f1xx_hal_gpio_ex.o ABSOLUTE
    ..\Drivers\STM32F1xx_HAL_Driver\Src\stm32f1xx_hal_pwr.c 0x00000000   Number         0  stm32f1xx_hal_pwr.o ABSOLUTE
    ..\Drivers\STM32F1xx_HAL_Driver\Src\stm32f1xx_hal_rcc.c 0x00000000   Number         0  stm32f1xx_hal_rcc.o ABSOLUTE
    ..\Drivers\STM32F1xx_HAL_Driver\Src\stm32f1xx_hal_rcc_ex.c 0x00000000   Number         0  stm32f1xx_hal_rcc_ex.o ABSOLUTE
    ..\Drivers\STM32F1xx_HAL_Driver\Src\stm32f1xx_hal_tim.c 0x00000000   Number         0  stm32f1xx_hal_tim.o ABSOLUTE
    ..\Drivers\STM32F1xx_HAL_Driver\Src\stm32f1xx_hal_tim_ex.c 0x00000000   Number         0  stm32f1xx_hal_tim_ex.o ABSOLUTE
    ..\Drivers\STM32F1xx_HAL_Driver\Src\stm32f1xx_hal_uart.c 0x00000000   Number         0  stm32f1xx_hal_uart.o ABSOLUTE
    ..\Drivers\User_Driver\Src\can.c         0x00000000   Number         0  can.o ABSOLUTE
    ..\Drivers\User_Driver\Src\cmt2219a.c    0x00000000   Number         0  cmt2219a.o ABSOLUTE
    ..\Drivers\User_Driver\Src\delay.c       0x00000000   Number         0  delay.o ABSOLUTE
    ..\Drivers\User_Driver\Src\internalflash.c 0x00000000   Number         0  internalflash.o ABSOLUTE
    ..\Drivers\User_Driver\Src\tft.c         0x00000000   Number         0  tft.o ABSOLUTE
    ..\Drivers\User_Driver\Src\wirespi.c     0x00000000   Number         0  wirespi.o ABSOLUTE
    ..\Src\main.c                            0x00000000   Number         0  main.o ABSOLUTE
    ..\Src\stm32f1xx_hal_msp.c               0x00000000   Number         0  stm32f1xx_hal_msp.o ABSOLUTE
    ..\Src\stm32f1xx_it.c                    0x00000000   Number         0  stm32f1xx_it.o ABSOLUTE
    ..\\Drivers\\User_Driver\\Src\\can.c     0x00000000   Number         0  can.o ABSOLUTE
    ..\\Drivers\\User_Driver\\Src\\cmt2219a.c 0x00000000   Number         0  cmt2219a.o ABSOLUTE
    ..\\Drivers\\User_Driver\\Src\\delay.c   0x00000000   Number         0  delay.o ABSOLUTE
    ..\\Drivers\\User_Driver\\Src\\internalflash.c 0x00000000   Number         0  internalflash.o ABSOLUTE
    ..\\Drivers\\User_Driver\\Src\\tft.c     0x00000000   Number         0  tft.o ABSOLUTE
    ..\\Drivers\\User_Driver\\Src\\wirespi.c 0x00000000   Number         0  wirespi.o ABSOLUTE
    ..\\Src\system_stm32f1xx.c               0x00000000   Number         0  system_stm32f1xx.o ABSOLUTE
    dc.s                                     0x00000000   Number         0  dc.o ABSOLUTE
    handlers.s                               0x00000000   Number         0  handlers.o ABSOLUTE
    init.s                                   0x00000000   Number         0  init.o ABSOLUTE
    startup_stm32f103xb.s                    0x00000000   Number         0  startup_stm32f103xb.o ABSOLUTE
    RESET                                    0x08000000   Section      236  startup_stm32f103xb.o(RESET)
    .ARM.Collect$$$$00000000                 0x080000ec   Section        0  entry.o(.ARM.Collect$$$$00000000)
    .ARM.Collect$$$$00000001                 0x080000ec   Section        4  entry2.o(.ARM.Collect$$$$00000001)
    .ARM.Collect$$$$00000004                 0x080000f0   Section        4  entry5.o(.ARM.Collect$$$$00000004)
    .ARM.Collect$$$$00000008                 0x080000f4   Section        0  entry7b.o(.ARM.Collect$$$$00000008)
    .ARM.Collect$$$$0000000A                 0x080000f4   Section        0  entry8b.o(.ARM.Collect$$$$0000000A)
    .ARM.Collect$$$$0000000B                 0x080000f4   Section        8  entry9a.o(.ARM.Collect$$$$0000000B)
    .ARM.Collect$$$$0000000D                 0x080000fc   Section        0  entry10a.o(.ARM.Collect$$$$0000000D)
    .ARM.Collect$$$$0000000F                 0x080000fc   Section        0  entry11a.o(.ARM.Collect$$$$0000000F)
    .ARM.Collect$$$$00002712                 0x080000fc   Section        4  entry2.o(.ARM.Collect$$$$00002712)
    __lit__00000000                          0x080000fc   Data           4  entry2.o(.ARM.Collect$$$$00002712)
    .text                                    0x08000100   Section       36  startup_stm32f103xb.o(.text)
    .text                                    0x08000124   Section        0  llushr.o(.text)
    .text                                    0x08000144   Section        0  fadd.o(.text)
    .text                                    0x080001f4   Section        0  ddiv.o(.text)
    .text                                    0x080002d2   Section        0  ffixui.o(.text)
    .text                                    0x080002fa   Section        0  dfixui.o(.text)
    .text                                    0x0800032c   Section        0  f2d.o(.text)
    .text                                    0x08000352   Section        0  fepilogue.o(.text)
    .text                                    0x08000352   Section        0  iusefp.o(.text)
    .text                                    0x080003c0   Section        0  depilogue.o(.text)
    .text                                    0x0800047c   Section       36  init.o(.text)
    .text                                    0x080004a0   Section        0  llshl.o(.text)
    i.BusFault_Handler                       0x080004be   Section        0  stm32f1xx_it.o(i.BusFault_Handler)
    i.CAN_Receive_IT                         0x080004c2   Section        0  stm32f1xx_hal_can.o(i.CAN_Receive_IT)
    CAN_Receive_IT                           0x080004c3   Thumb Code   450  stm32f1xx_hal_can.o(i.CAN_Receive_IT)
    i.CAN_TX_Init                            0x08000684   Section        0  can.o(i.CAN_TX_Init)
    i.CAN_Transmit_IT                        0x080006b8   Section        0  stm32f1xx_hal_can.o(i.CAN_Transmit_IT)
    CAN_Transmit_IT                          0x080006b9   Thumb Code    98  stm32f1xx_hal_can.o(i.CAN_Transmit_IT)
    i.ClrCSB                                 0x0800071c   Section        0  wirespi.o(i.ClrCSB)
    i.ClrFCSB                                0x08000730   Section        0  wirespi.o(i.ClrFCSB)
    i.ClrSDCK                                0x08000744   Section        0  wirespi.o(i.ClrSDCK)
    i.ClrSDIO                                0x08000758   Section        0  wirespi.o(i.ClrSDIO)
    i.DMA1_Channel6_IRQHandler               0x0800076c   Section        0  stm32f1xx_it.o(i.DMA1_Channel6_IRQHandler)
    i.DMA_SetConfig                          0x0800077c   Section        0  stm32f1xx_hal_dma.o(i.DMA_SetConfig)
    DMA_SetConfig                            0x0800077d   Thumb Code    44  stm32f1xx_hal_dma.o(i.DMA_SetConfig)
    i.DebugMon_Handler                       0x080007a8   Section        0  stm32f1xx_it.o(i.DebugMon_Handler)
    i.Delay_Init                             0x080007ac   Section        0  delay.o(i.Delay_Init)
    i.Delay_us                               0x080007c0   Section        0  delay.o(i.Delay_us)
    i.EXTI2_IRQHandler                       0x08000808   Section        0  stm32f1xx_it.o(i.EXTI2_IRQHandler)
    i.FLASH_MassErase                        0x0800081c   Section        0  stm32f1xx_hal_flash_ex.o(i.FLASH_MassErase)
    FLASH_MassErase                          0x0800081d   Thumb Code    30  stm32f1xx_hal_flash_ex.o(i.FLASH_MassErase)
    i.FLASH_PageErase                        0x08000844   Section        0  stm32f1xx_hal_flash_ex.o(i.FLASH_PageErase)
    i.FLASH_Program_HalfWord                 0x0800086c   Section        0  stm32f1xx_hal_flash.o(i.FLASH_Program_HalfWord)
    FLASH_Program_HalfWord                   0x0800086d   Thumb Code    22  stm32f1xx_hal_flash.o(i.FLASH_Program_HalfWord)
    i.FLASH_SetErrorCode                     0x0800088c   Section        0  stm32f1xx_hal_flash.o(i.FLASH_SetErrorCode)
    FLASH_SetErrorCode                       0x0800088d   Thumb Code   124  stm32f1xx_hal_flash.o(i.FLASH_SetErrorCode)
    i.FLASH_WaitForLastOperation             0x08000910   Section        0  stm32f1xx_hal_flash.o(i.FLASH_WaitForLastOperation)
    i.FlashErase                             0x08000980   Section        0  internalflash.o(i.FlashErase)
    i.FlashRead32bit                         0x080009aa   Section        0  internalflash.o(i.FlashRead32bit)
    i.FlashWrite_ArrayUint32                 0x080009b0   Section        0  internalflash.o(i.FlashWrite_ArrayUint32)
    i.HAL_CAN_ConfigFilter                   0x080009f2   Section        0  stm32f1xx_hal_can.o(i.HAL_CAN_ConfigFilter)
    i.HAL_CAN_ErrorCallback                  0x08000b16   Section        0  stm32f1xx_hal_can.o(i.HAL_CAN_ErrorCallback)
    i.HAL_CAN_IRQHandler                     0x08000b18   Section        0  stm32f1xx_hal_can.o(i.HAL_CAN_IRQHandler)
    i.HAL_CAN_Init                           0x08000d6c   Section        0  stm32f1xx_hal_can.o(i.HAL_CAN_Init)
    i.HAL_CAN_MspInit                        0x08000edc   Section        0  stm32f1xx_hal_msp.o(i.HAL_CAN_MspInit)
    i.HAL_CAN_Receive_IT                     0x08000f50   Section        0  stm32f1xx_hal_can.o(i.HAL_CAN_Receive_IT)
    i.HAL_CAN_RxCpltCallback                 0x0800105c   Section        0  can.o(i.HAL_CAN_RxCpltCallback)
    i.HAL_CAN_Transmit                       0x0800107c   Section        0  stm32f1xx_hal_can.o(i.HAL_CAN_Transmit)
    i.HAL_CAN_TxCpltCallback                 0x0800132c   Section        0  stm32f1xx_hal_can.o(i.HAL_CAN_TxCpltCallback)
    i.HAL_DMA_Abort                          0x0800132e   Section        0  stm32f1xx_hal_dma.o(i.HAL_DMA_Abort)
    i.HAL_DMA_IRQHandler                     0x08001368   Section        0  stm32f1xx_hal_dma.o(i.HAL_DMA_IRQHandler)
    i.HAL_DMA_Init                           0x08001504   Section        0  stm32f1xx_hal_dma.o(i.HAL_DMA_Init)
    i.HAL_DMA_Start_IT                       0x08001574   Section        0  stm32f1xx_hal_dma.o(i.HAL_DMA_Start_IT)
    i.HAL_Delay                              0x08001610   Section        0  stm32f1xx_hal.o(i.HAL_Delay)
    i.HAL_FLASHEx_Erase                      0x08001638   Section        0  stm32f1xx_hal_flash_ex.o(i.HAL_FLASHEx_Erase)
    i.HAL_FLASH_Lock                         0x080016e8   Section        0  stm32f1xx_hal_flash.o(i.HAL_FLASH_Lock)
    i.HAL_FLASH_Program                      0x080016fc   Section        0  stm32f1xx_hal_flash.o(i.HAL_FLASH_Program)
    i.HAL_FLASH_Unlock                       0x080017ac   Section        0  stm32f1xx_hal_flash.o(i.HAL_FLASH_Unlock)
    i.HAL_GPIO_EXTI_Callback                 0x080017dc   Section        0  stm32f1xx_hal_gpio.o(i.HAL_GPIO_EXTI_Callback)
    i.HAL_GPIO_EXTI_IRQHandler               0x080017e0   Section        0  stm32f1xx_hal_gpio.o(i.HAL_GPIO_EXTI_IRQHandler)
    i.HAL_GPIO_Init                          0x080017fc   Section        0  stm32f1xx_hal_gpio.o(i.HAL_GPIO_Init)
    i.HAL_GPIO_ReadPin                       0x08001b18   Section        0  stm32f1xx_hal_gpio.o(i.HAL_GPIO_ReadPin)
    i.HAL_GPIO_TogglePin                     0x08001b28   Section        0  stm32f1xx_hal_gpio.o(i.HAL_GPIO_TogglePin)
    i.HAL_GPIO_WritePin                      0x08001b30   Section        0  stm32f1xx_hal_gpio.o(i.HAL_GPIO_WritePin)
    i.HAL_GetTick                            0x08001b3c   Section        0  stm32f1xx_hal.o(i.HAL_GetTick)
    i.HAL_IncTick                            0x08001b48   Section        0  stm32f1xx_hal.o(i.HAL_IncTick)
    i.HAL_Init                               0x08001b60   Section        0  stm32f1xx_hal.o(i.HAL_Init)
    i.HAL_InitTick                           0x08001b88   Section        0  stm32f1xx_hal.o(i.HAL_InitTick)
    i.HAL_MspInit                            0x08001bd4   Section        0  stm32f1xx_hal_msp.o(i.HAL_MspInit)
    i.HAL_NVIC_DisableIRQ                    0x08001c60   Section        0  stm32f1xx_hal_cortex.o(i.HAL_NVIC_DisableIRQ)
    i.HAL_NVIC_EnableIRQ                     0x08001c7c   Section        0  stm32f1xx_hal_cortex.o(i.HAL_NVIC_EnableIRQ)
    i.HAL_NVIC_SetPriority                   0x08001c96   Section        0  stm32f1xx_hal_cortex.o(i.HAL_NVIC_SetPriority)
    i.HAL_NVIC_SetPriorityGrouping           0x08001d14   Section        0  stm32f1xx_hal_cortex.o(i.HAL_NVIC_SetPriorityGrouping)
    i.HAL_RCC_ClockConfig                    0x08001d3c   Section        0  stm32f1xx_hal_rcc.o(i.HAL_RCC_ClockConfig)
    i.HAL_RCC_GetHCLKFreq                    0x08001ee0   Section        0  stm32f1xx_hal_rcc.o(i.HAL_RCC_GetHCLKFreq)
    i.HAL_RCC_GetPCLK1Freq                   0x08001eec   Section        0  stm32f1xx_hal_rcc.o(i.HAL_RCC_GetPCLK1Freq)
    i.HAL_RCC_GetPCLK2Freq                   0x08001f0c   Section        0  stm32f1xx_hal_rcc.o(i.HAL_RCC_GetPCLK2Freq)
    i.HAL_RCC_GetSysClockFreq                0x08001f2c   Section        0  stm32f1xx_hal_rcc.o(i.HAL_RCC_GetSysClockFreq)
    i.HAL_RCC_OscConfig                      0x08001fc0   Section        0  stm32f1xx_hal_rcc.o(i.HAL_RCC_OscConfig)
    i.HAL_SYSTICK_CLKSourceConfig            0x08002400   Section        0  stm32f1xx_hal_cortex.o(i.HAL_SYSTICK_CLKSourceConfig)
    i.HAL_SYSTICK_Callback                   0x08002428   Section        0  stm32f1xx_hal_cortex.o(i.HAL_SYSTICK_Callback)
    i.HAL_SYSTICK_Config                     0x0800242a   Section        0  stm32f1xx_hal_cortex.o(i.HAL_SYSTICK_Config)
    i.HAL_SYSTICK_IRQHandler                 0x0800245e   Section        0  stm32f1xx_hal_cortex.o(i.HAL_SYSTICK_IRQHandler)
    i.HAL_TIMEx_BreakCallback                0x08002466   Section        0  stm32f1xx_hal_tim_ex.o(i.HAL_TIMEx_BreakCallback)
    i.HAL_TIMEx_CommutationCallback          0x08002468   Section        0  stm32f1xx_hal_tim_ex.o(i.HAL_TIMEx_CommutationCallback)
    i.HAL_TIMEx_MasterConfigSynchronization  0x0800246a   Section        0  stm32f1xx_hal_tim_ex.o(i.HAL_TIMEx_MasterConfigSynchronization)
    i.HAL_TIM_Base_Init                      0x080024cc   Section        0  stm32f1xx_hal_tim.o(i.HAL_TIM_Base_Init)
    i.HAL_TIM_Base_MspInit                   0x08002500   Section        0  stm32f1xx_hal_msp.o(i.HAL_TIM_Base_MspInit)
    i.HAL_TIM_Base_Start_IT                  0x08002544   Section        0  stm32f1xx_hal_tim.o(i.HAL_TIM_Base_Start_IT)
    i.HAL_TIM_ConfigClockSource              0x08002562   Section        0  stm32f1xx_hal_tim.o(i.HAL_TIM_ConfigClockSource)
    i.HAL_TIM_IC_CaptureCallback             0x08002694   Section        0  stm32f1xx_hal_tim.o(i.HAL_TIM_IC_CaptureCallback)
    i.HAL_TIM_IRQHandler                     0x08002696   Section        0  stm32f1xx_hal_tim.o(i.HAL_TIM_IRQHandler)
    i.HAL_TIM_OC_DelayElapsedCallback        0x0800282c   Section        0  stm32f1xx_hal_tim.o(i.HAL_TIM_OC_DelayElapsedCallback)
    i.HAL_TIM_PWM_PulseFinishedCallback      0x0800282e   Section        0  stm32f1xx_hal_tim.o(i.HAL_TIM_PWM_PulseFinishedCallback)
    i.HAL_TIM_PeriodElapsedCallback          0x08002830   Section        0  main.o(i.HAL_TIM_PeriodElapsedCallback)
    i.HAL_TIM_TriggerCallback                0x0800283c   Section        0  stm32f1xx_hal_tim.o(i.HAL_TIM_TriggerCallback)
    i.HAL_UART_DMAStop                       0x0800283e   Section        0  stm32f1xx_hal_uart.o(i.HAL_UART_DMAStop)
    i.HAL_UART_ErrorCallback                 0x080028a4   Section        0  stm32f1xx_hal_uart.o(i.HAL_UART_ErrorCallback)
    i.HAL_UART_Init                          0x080028a6   Section        0  stm32f1xx_hal_uart.o(i.HAL_UART_Init)
    i.HAL_UART_MspInit                       0x08002918   Section        0  stm32f1xx_hal_msp.o(i.HAL_UART_MspInit)
    i.HAL_UART_Receive_DMA                   0x080029e4   Section        0  stm32f1xx_hal_uart.o(i.HAL_UART_Receive_DMA)
    i.HAL_UART_RxCpltCallback                0x08002aa8   Section        0  stm32f1xx_hal_uart.o(i.HAL_UART_RxCpltCallback)
    i.HAL_UART_RxHalfCpltCallback            0x08002aaa   Section        0  stm32f1xx_hal_uart.o(i.HAL_UART_RxHalfCpltCallback)
    i.HAL_UART_Transmit                      0x08002aac   Section        0  stm32f1xx_hal_uart.o(i.HAL_UART_Transmit)
    i.HardFault_Handler                      0x08002b82   Section        0  stm32f1xx_it.o(i.HardFault_Handler)
    i.InputSDIO                              0x08002b88   Section        0  wirespi.o(i.InputSDIO)
    i.LoadSetArray                           0x08002ba8   Section        0  internalflash.o(i.LoadSetArray)
    i.MX_CAN_Init                            0x08002c00   Section        0  main.o(i.MX_CAN_Init)
    MX_CAN_Init                              0x08002c01   Thumb Code    64  main.o(i.MX_CAN_Init)
    i.MX_DMA_Init                            0x08002c58   Section        0  main.o(i.MX_DMA_Init)
    MX_DMA_Init                              0x08002c59   Thumb Code    48  main.o(i.MX_DMA_Init)
    i.MX_GPIO_Init                           0x08002c8c   Section        0  main.o(i.MX_GPIO_Init)
    MX_GPIO_Init                             0x08002c8d   Thumb Code   220  main.o(i.MX_GPIO_Init)
    i.MX_TIM3_Init                           0x08002d74   Section        0  main.o(i.MX_TIM3_Init)
    MX_TIM3_Init                             0x08002d75   Thumb Code   106  main.o(i.MX_TIM3_Init)
    i.MX_USART2_UART_Init                    0x08002df8   Section        0  main.o(i.MX_USART2_UART_Init)
    MX_USART2_UART_Init                      0x08002df9   Thumb Code    52  main.o(i.MX_USART2_UART_Init)
    i.MemManage_Handler                      0x08002e44   Section        0  stm32f1xx_it.o(i.MemManage_Handler)
    i.MyCAN_FilterConf                       0x08002e48   Section        0  can.o(i.MyCAN_FilterConf)
    i.NMI_Handler                            0x08002e80   Section        0  stm32f1xx_it.o(i.NMI_Handler)
    i.NVIC_GetPriorityGrouping               0x08002e84   Section        0  stm32f1xx_hal_cortex.o(i.NVIC_GetPriorityGrouping)
    NVIC_GetPriorityGrouping                 0x08002e85   Thumb Code    10  stm32f1xx_hal_cortex.o(i.NVIC_GetPriorityGrouping)
    i.NVIC_SetPriority                       0x08002e94   Section        0  stm32f1xx_hal_cortex.o(i.NVIC_SetPriority)
    NVIC_SetPriority                         0x08002e95   Thumb Code    32  stm32f1xx_hal_cortex.o(i.NVIC_SetPriority)
    i.OutputSDIO                             0x08002ebc   Section        0  wirespi.o(i.OutputSDIO)
    i.PendSV_Handler                         0x08002edc   Section        0  stm32f1xx_it.o(i.PendSV_Handler)
    i.RCC_Delay                              0x08002ee0   Section        0  stm32f1xx_hal_rcc.o(i.RCC_Delay)
    RCC_Delay                                0x08002ee1   Thumb Code    36  stm32f1xx_hal_rcc.o(i.RCC_Delay)
    i.SDIO_H                                 0x08002f08   Section        0  wirespi.o(i.SDIO_H)
    i.SVC_Handler                            0x08002f20   Section        0  stm32f1xx_it.o(i.SVC_Handler)
    i.SetCSB                                 0x08002f24   Section        0  wirespi.o(i.SetCSB)
    i.SetFCSB                                0x08002f38   Section        0  wirespi.o(i.SetFCSB)
    i.SetSDCK                                0x08002f4c   Section        0  wirespi.o(i.SetSDCK)
    i.SetSDIO                                0x08002f60   Section        0  wirespi.o(i.SetSDIO)
    i.SysTick_Handler                        0x08002f74   Section        0  stm32f1xx_it.o(i.SysTick_Handler)
    i.SystemClock_Config                     0x08002f80   Section        0  main.o(i.SystemClock_Config)
    i.SystemInit                             0x08003014   Section        0  system_stm32f1xx.o(i.SystemInit)
    i.TFT_Init                               0x0800306c   Section        0  tft.o(i.TFT_Init)
    i.TFT_SendWairning                       0x08003130   Section        0  tft.o(i.TFT_SendWairning)
    i.TFT_StartDesktop                       0x0800315c   Section        0  tft.o(i.TFT_StartDesktop)
    i.TFT_StartWairning                      0x0800318c   Section        0  tft.o(i.TFT_StartWairning)
    i.TFT_TransTemHumi                       0x080031c0   Section        0  tft.o(i.TFT_TransTemHumi)
    i.TIM3_IRQHandler                        0x08003220   Section        0  stm32f1xx_it.o(i.TIM3_IRQHandler)
    i.TIM_Base_SetConfig                     0x08003230   Section        0  stm32f1xx_hal_tim.o(i.TIM_Base_SetConfig)
    i.TIM_ETR_SetConfig                      0x080032a4   Section        0  stm32f1xx_hal_tim.o(i.TIM_ETR_SetConfig)
    TIM_ETR_SetConfig                        0x080032a5   Thumb Code    24  stm32f1xx_hal_tim.o(i.TIM_ETR_SetConfig)
    i.TIM_ITRx_SetConfig                     0x080032bc   Section        0  stm32f1xx_hal_tim.o(i.TIM_ITRx_SetConfig)
    TIM_ITRx_SetConfig                       0x080032bd   Thumb Code    20  stm32f1xx_hal_tim.o(i.TIM_ITRx_SetConfig)
    i.TIM_TI1_ConfigInputStage               0x080032d0   Section        0  stm32f1xx_hal_tim.o(i.TIM_TI1_ConfigInputStage)
    TIM_TI1_ConfigInputStage                 0x080032d1   Thumb Code    42  stm32f1xx_hal_tim.o(i.TIM_TI1_ConfigInputStage)
    i.TIM_TI2_ConfigInputStage               0x080032fa   Section        0  stm32f1xx_hal_tim.o(i.TIM_TI2_ConfigInputStage)
    TIM_TI2_ConfigInputStage                 0x080032fb   Thumb Code    44  stm32f1xx_hal_tim.o(i.TIM_TI2_ConfigInputStage)
    i.UART_DMAError                          0x08003326   Section        0  stm32f1xx_hal_uart.o(i.UART_DMAError)
    UART_DMAError                            0x08003327   Thumb Code    80  stm32f1xx_hal_uart.o(i.UART_DMAError)
    i.UART_DMAReceiveCplt                    0x08003376   Section        0  stm32f1xx_hal_uart.o(i.UART_DMAReceiveCplt)
    UART_DMAReceiveCplt                      0x08003377   Thumb Code    70  stm32f1xx_hal_uart.o(i.UART_DMAReceiveCplt)
    i.UART_DMARxHalfCplt                     0x080033bc   Section        0  stm32f1xx_hal_uart.o(i.UART_DMARxHalfCplt)
    UART_DMARxHalfCplt                       0x080033bd   Thumb Code    14  stm32f1xx_hal_uart.o(i.UART_DMARxHalfCplt)
    i.UART_EndRxTransfer                     0x080033ca   Section        0  stm32f1xx_hal_uart.o(i.UART_EndRxTransfer)
    UART_EndRxTransfer                       0x080033cb   Thumb Code    32  stm32f1xx_hal_uart.o(i.UART_EndRxTransfer)
    i.UART_EndTxTransfer                     0x080033ea   Section        0  stm32f1xx_hal_uart.o(i.UART_EndTxTransfer)
    UART_EndTxTransfer                       0x080033eb   Thumb Code    20  stm32f1xx_hal_uart.o(i.UART_EndTxTransfer)
    i.UART_SetConfig                         0x08003400   Section        0  stm32f1xx_hal_uart.o(i.UART_SetConfig)
    UART_SetConfig                           0x08003401   Thumb Code   450  stm32f1xx_hal_uart.o(i.UART_SetConfig)
    i.UART_WaitOnFlagUntilTimeout            0x080035c8   Section        0  stm32f1xx_hal_uart.o(i.UART_WaitOnFlagUntilTimeout)
    UART_WaitOnFlagUntilTimeout              0x080035c9   Thumb Code   108  stm32f1xx_hal_uart.o(i.UART_WaitOnFlagUntilTimeout)
    i.USART2_IRQHandler                      0x08003634   Section        0  stm32f1xx_it.o(i.USART2_IRQHandler)
    i.USB_LP_CAN1_RX0_IRQHandler             0x0800368c   Section        0  stm32f1xx_it.o(i.USB_LP_CAN1_RX0_IRQHandler)
    i.UsageFault_Handler                     0x0800369c   Section        0  stm32f1xx_it.o(i.UsageFault_Handler)
    i._Error_Handler                         0x080036a0   Section        0  main.o(i._Error_Handler)
    i.__scatterload_copy                     0x080036a4   Section       14  handlers.o(i.__scatterload_copy)
    i.__scatterload_null                     0x080036b2   Section        2  handlers.o(i.__scatterload_null)
    i.__scatterload_zeroinit                 0x080036b4   Section       14  handlers.o(i.__scatterload_zeroinit)
    i.bCMT2219_GetMessage                    0x080036c2   Section        0  cmt2219a.o(i.bCMT2219_GetMessage)
    i.bSpi3Read                              0x080036f4   Section        0  wirespi.o(i.bSpi3Read)
    i.bSpi3ReadByte                          0x08003706   Section        0  wirespi.o(i.bSpi3ReadByte)
    i.bSpi3ReadFIFO                          0x0800375e   Section        0  wirespi.o(i.bSpi3ReadFIFO)
    i.main                                   0x080037dc   Section        0  main.o(i.main)
    i.vCMT2219_EnableIntSource               0x08003e54   Section        0  cmt2219a.o(i.vCMT2219_EnableIntSource)
    i.vCMT2219_GPIO_Init                     0x08003e64   Section        0  cmt2219a.o(i.vCMT2219_GPIO_Init)
    vCMT2219_GPIO_Init                       0x08003e65   Thumb Code    26  cmt2219a.o(i.vCMT2219_GPIO_Init)
    i.vCMT2219_GoRx                          0x08003e84   Section        0  cmt2219a.o(i.vCMT2219_GoRx)
    i.vCMT2219_GpioFuncCfg                   0x08003eb6   Section        0  cmt2219a.o(i.vCMT2219_GpioFuncCfg)
    i.vCMT2219_Init                          0x08003ec4   Section        0  cmt2219a.o(i.vCMT2219_Init)
    i.vCMT2219_IntOutputCfg                  0x08003f14   Section        0  cmt2219a.o(i.vCMT2219_IntOutputCfg)
    i.vCMT2219_Setup                         0x08003f2c   Section        0  main.o(i.vCMT2219_Setup)
    i.vClearFIFO                             0x08003f64   Section        0  cmt2219a.o(i.vClearFIFO)
    vClearFIFO                               0x08003f65   Thumb Code    24  cmt2219a.o(i.vClearFIFO)
    i.vClearIntFlag                          0x08003f7c   Section        0  cmt2219a.o(i.vClearIntFlag)
    vClearIntFlag                            0x08003f7d   Thumb Code    12  cmt2219a.o(i.vClearIntFlag)
    i.vGoSleep                               0x08003f88   Section        0  cmt2219a.o(i.vGoSleep)
    vGoSleep                                 0x08003f89   Thumb Code    28  cmt2219a.o(i.vGoSleep)
    i.vGoStandby                             0x08003fa4   Section        0  cmt2219a.o(i.vGoStandby)
    vGoStandby                               0x08003fa5   Thumb Code    28  cmt2219a.o(i.vGoStandby)
    i.vSpi3Init                              0x08003fc0   Section        0  wirespi.o(i.vSpi3Init)
    i.vSpi3Write                             0x08003fe0   Section        0  wirespi.o(i.vSpi3Write)
    i.vSpi3WriteByte                         0x08003ff8   Section        0  wirespi.o(i.vSpi3WriteByte)
    .constdata                               0x08004054   Section       24  system_stm32f1xx.o(.constdata)
    .data                                    0x20000000   Section       56  main.o(.data)
    .data                                    0x20000038   Section        1  stm32f1xx_it.o(.data)
    .data                                    0x2000003c   Section        9  stm32f1xx_hal.o(.data)
    .data                                    0x20000048   Section        4  system_stm32f1xx.o(.data)
    .data                                    0x2000004c   Section       66  cmt2219a.o(.data)
    .data                                    0x2000008e   Section        1  delay.o(.data)
    .bss                                     0x20000090   Section      436  main.o(.bss)
    .bss                                     0x20000248   Section       32  stm32f1xx_hal_flash.o(.bss)
    .bss                                     0x20000268   Section       64  can.o(.bss)
    RxMessage                                0x20000268   Data          36  can.o(.bss)
    TxMessage                                0x2000028c   Data          28  can.o(.bss)
    STACK                                    0x200002a8   Section     1024  startup_stm32f103xb.o(STACK)

    Global Symbols

    Symbol Name                              Value     Ov Type        Size  Object(Section)

    BuildAttributes$$THM_ISAv4$P$D$K$B$S$PE$A:L22UL41UL21$X:L11$S22US41US21$IEEE1$IW$USESV6$~STKCKD$USESV7$~SHL$OTIME$ROPI$EBA8$MICROLIB$REQ8$PRES8$EABIv2 0x00000000   Number         0  anon$$obj.o ABSOLUTE
    __ARM_use_no_argv                        0x00000000   Number         0  main.o ABSOLUTE
    __cpp_initialize__aeabi_                  - Undefined Weak Reference
    __cxa_finalize                            - Undefined Weak Reference
    __decompress                              - Undefined Weak Reference
    _clock_init                               - Undefined Weak Reference
    _microlib_exit                            - Undefined Weak Reference
    __Vectors_Size                           0x000000ec   Number         0  startup_stm32f103xb.o ABSOLUTE
    __Vectors                                0x08000000   Data           4  startup_stm32f103xb.o(RESET)
    __Vectors_End                            0x080000ec   Data           0  startup_stm32f103xb.o(RESET)
    __main                                   0x080000ed   Thumb Code     0  entry.o(.ARM.Collect$$$$00000000)
    _main_stk                                0x080000ed   Thumb Code     0  entry2.o(.ARM.Collect$$$$00000001)
    _main_scatterload                        0x080000f1   Thumb Code     0  entry5.o(.ARM.Collect$$$$00000004)
    __main_after_scatterload                 0x080000f5   Thumb Code     0  entry5.o(.ARM.Collect$$$$00000004)
    _main_clock                              0x080000f5   Thumb Code     0  entry7b.o(.ARM.Collect$$$$00000008)
    _main_cpp_init                           0x080000f5   Thumb Code     0  entry8b.o(.ARM.Collect$$$$0000000A)
    _main_init                               0x080000f5   Thumb Code     0  entry9a.o(.ARM.Collect$$$$0000000B)
    __rt_final_cpp                           0x080000fd   Thumb Code     0  entry10a.o(.ARM.Collect$$$$0000000D)
    __rt_final_exit                          0x080000fd   Thumb Code     0  entry11a.o(.ARM.Collect$$$$0000000F)
    Reset_Handler                            0x08000101   Thumb Code     8  startup_stm32f103xb.o(.text)
    ADC1_2_IRQHandler                        0x0800011b   Thumb Code     0  startup_stm32f103xb.o(.text)
    CAN1_RX1_IRQHandler                      0x0800011b   Thumb Code     0  startup_stm32f103xb.o(.text)
    CAN1_SCE_IRQHandler                      0x0800011b   Thumb Code     0  startup_stm32f103xb.o(.text)
    DMA1_Channel1_IRQHandler                 0x0800011b   Thumb Code     0  startup_stm32f103xb.o(.text)
    DMA1_Channel2_IRQHandler                 0x0800011b   Thumb Code     0  startup_stm32f103xb.o(.text)
    DMA1_Channel3_IRQHandler                 0x0800011b   Thumb Code     0  startup_stm32f103xb.o(.text)
    DMA1_Channel4_IRQHandler                 0x0800011b   Thumb Code     0  startup_stm32f103xb.o(.text)
    DMA1_Channel5_IRQHandler                 0x0800011b   Thumb Code     0  startup_stm32f103xb.o(.text)
    DMA1_Channel7_IRQHandler                 0x0800011b   Thumb Code     0  startup_stm32f103xb.o(.text)
    EXTI0_IRQHandler                         0x0800011b   Thumb Code     0  startup_stm32f103xb.o(.text)
    EXTI15_10_IRQHandler                     0x0800011b   Thumb Code     0  startup_stm32f103xb.o(.text)
    EXTI1_IRQHandler                         0x0800011b   Thumb Code     0  startup_stm32f103xb.o(.text)
    EXTI3_IRQHandler                         0x0800011b   Thumb Code     0  startup_stm32f103xb.o(.text)
    EXTI4_IRQHandler                         0x0800011b   Thumb Code     0  startup_stm32f103xb.o(.text)
    EXTI9_5_IRQHandler                       0x0800011b   Thumb Code     0  startup_stm32f103xb.o(.text)
    FLASH_IRQHandler                         0x0800011b   Thumb Code     0  startup_stm32f103xb.o(.text)
    I2C1_ER_IRQHandler                       0x0800011b   Thumb Code     0  startup_stm32f103xb.o(.text)
    I2C1_EV_IRQHandler                       0x0800011b   Thumb Code     0  startup_stm32f103xb.o(.text)
    I2C2_ER_IRQHandler                       0x0800011b   Thumb Code     0  startup_stm32f103xb.o(.text)
    I2C2_EV_IRQHandler                       0x0800011b   Thumb Code     0  startup_stm32f103xb.o(.text)
    PVD_IRQHandler                           0x0800011b   Thumb Code     0  startup_stm32f103xb.o(.text)
    RCC_IRQHandler                           0x0800011b   Thumb Code     0  startup_stm32f103xb.o(.text)
    RTC_Alarm_IRQHandler                     0x0800011b   Thumb Code     0  startup_stm32f103xb.o(.text)
    RTC_IRQHandler                           0x0800011b   Thumb Code     0  startup_stm32f103xb.o(.text)
    SPI1_IRQHandler                          0x0800011b   Thumb Code     0  startup_stm32f103xb.o(.text)
    SPI2_IRQHandler                          0x0800011b   Thumb Code     0  startup_stm32f103xb.o(.text)
    TAMPER_IRQHandler                        0x0800011b   Thumb Code     0  startup_stm32f103xb.o(.text)
    TIM1_BRK_IRQHandler                      0x0800011b   Thumb Code     0  startup_stm32f103xb.o(.text)
    TIM1_CC_IRQHandler                       0x0800011b   Thumb Code     0  startup_stm32f103xb.o(.text)
    TIM1_TRG_COM_IRQHandler                  0x0800011b   Thumb Code     0  startup_stm32f103xb.o(.text)
    TIM1_UP_IRQHandler                       0x0800011b   Thumb Code     0  startup_stm32f103xb.o(.text)
    TIM2_IRQHandler                          0x0800011b   Thumb Code     0  startup_stm32f103xb.o(.text)
    TIM4_IRQHandler                          0x0800011b   Thumb Code     0  startup_stm32f103xb.o(.text)
    USART1_IRQHandler                        0x0800011b   Thumb Code     0  startup_stm32f103xb.o(.text)
    USART3_IRQHandler                        0x0800011b   Thumb Code     0  startup_stm32f103xb.o(.text)
    USBWakeUp_IRQHandler                     0x0800011b   Thumb Code     0  startup_stm32f103xb.o(.text)
    USB_HP_CAN1_TX_IRQHandler                0x0800011b   Thumb Code     0  startup_stm32f103xb.o(.text)
    WWDG_IRQHandler                          0x0800011b   Thumb Code     0  startup_stm32f103xb.o(.text)
    __aeabi_llsr                             0x08000125   Thumb Code    32  llushr.o(.text)
    _ll_ushift_r                             0x08000125   Thumb Code     0  llushr.o(.text)
    __aeabi_fadd                             0x08000145   Thumb Code   164  fadd.o(.text)
    __aeabi_fsub                             0x080001e9   Thumb Code     6  fadd.o(.text)
    __aeabi_frsub                            0x080001ef   Thumb Code     6  fadd.o(.text)
    __aeabi_ddiv                             0x080001f5   Thumb Code   222  ddiv.o(.text)
    __aeabi_f2uiz                            0x080002d3   Thumb Code    40  ffixui.o(.text)
    __aeabi_d2uiz                            0x080002fb   Thumb Code    50  dfixui.o(.text)
    __aeabi_f2d                              0x0800032d   Thumb Code    38  f2d.o(.text)
    __I$use$fp                               0x08000353   Thumb Code     0  iusefp.o(.text)
    _float_round                             0x08000353   Thumb Code    18  fepilogue.o(.text)
    _float_epilogue                          0x08000365   Thumb Code    92  fepilogue.o(.text)
    _double_round                            0x080003c1   Thumb Code    30  depilogue.o(.text)
    _double_epilogue                         0x080003df   Thumb Code   156  depilogue.o(.text)
    __scatterload                            0x0800047d   Thumb Code    28  init.o(.text)
    __scatterload_rt2                        0x0800047d   Thumb Code     0  init.o(.text)
    __aeabi_llsl                             0x080004a1   Thumb Code    30  llshl.o(.text)
    _ll_shift_l                              0x080004a1   Thumb Code     0  llshl.o(.text)
    BusFault_Handler                         0x080004bf   Thumb Code     4  stm32f1xx_it.o(i.BusFault_Handler)
    CAN_TX_Init                              0x08000685   Thumb Code    40  can.o(i.CAN_TX_Init)
    ClrCSB                                   0x0800071d   Thumb Code    16  wirespi.o(i.ClrCSB)
    ClrFCSB                                  0x08000731   Thumb Code    16  wirespi.o(i.ClrFCSB)
    ClrSDCK                                  0x08000745   Thumb Code    16  wirespi.o(i.ClrSDCK)
    ClrSDIO                                  0x08000759   Thumb Code    16  wirespi.o(i.ClrSDIO)
    DMA1_Channel6_IRQHandler                 0x0800076d   Thumb Code    10  stm32f1xx_it.o(i.DMA1_Channel6_IRQHandler)
    DebugMon_Handler                         0x080007a9   Thumb Code     2  stm32f1xx_it.o(i.DebugMon_Handler)
    Delay_Init                               0x080007ad   Thumb Code    16  delay.o(i.Delay_Init)
    Delay_us                                 0x080007c1   Thumb Code    68  delay.o(i.Delay_us)
    EXTI2_IRQHandler                         0x08000809   Thumb Code    16  stm32f1xx_it.o(i.EXTI2_IRQHandler)
    FLASH_PageErase                          0x08000845   Thumb Code    32  stm32f1xx_hal_flash_ex.o(i.FLASH_PageErase)
    FLASH_WaitForLastOperation               0x08000911   Thumb Code   106  stm32f1xx_hal_flash.o(i.FLASH_WaitForLastOperation)
    FlashErase                               0x08000981   Thumb Code    42  internalflash.o(i.FlashErase)
    FlashRead32bit                           0x080009ab   Thumb Code     6  internalflash.o(i.FlashRead32bit)
    FlashWrite_ArrayUint32                   0x080009b1   Thumb Code    66  internalflash.o(i.FlashWrite_ArrayUint32)
    HAL_CAN_ConfigFilter                     0x080009f3   Thumb Code   292  stm32f1xx_hal_can.o(i.HAL_CAN_ConfigFilter)
    HAL_CAN_ErrorCallback                    0x08000b17   Thumb Code     2  stm32f1xx_hal_can.o(i.HAL_CAN_ErrorCallback)
    HAL_CAN_IRQHandler                       0x08000b19   Thumb Code   580  stm32f1xx_hal_can.o(i.HAL_CAN_IRQHandler)
    HAL_CAN_Init                             0x08000d6d   Thumb Code   366  stm32f1xx_hal_can.o(i.HAL_CAN_Init)
    HAL_CAN_MspInit                          0x08000edd   Thumb Code   102  stm32f1xx_hal_msp.o(i.HAL_CAN_MspInit)
    HAL_CAN_Receive_IT                       0x08000f51   Thumb Code   268  stm32f1xx_hal_can.o(i.HAL_CAN_Receive_IT)
    HAL_CAN_RxCpltCallback                   0x0800105d   Thumb Code    22  can.o(i.HAL_CAN_RxCpltCallback)
    HAL_CAN_Transmit                         0x0800107d   Thumb Code   676  stm32f1xx_hal_can.o(i.HAL_CAN_Transmit)
    HAL_CAN_TxCpltCallback                   0x0800132d   Thumb Code     2  stm32f1xx_hal_can.o(i.HAL_CAN_TxCpltCallback)
    HAL_DMA_Abort                            0x0800132f   Thumb Code    58  stm32f1xx_hal_dma.o(i.HAL_DMA_Abort)
    HAL_DMA_IRQHandler                       0x08001369   Thumb Code   408  stm32f1xx_hal_dma.o(i.HAL_DMA_IRQHandler)
    HAL_DMA_Init                             0x08001505   Thumb Code   108  stm32f1xx_hal_dma.o(i.HAL_DMA_Init)
    HAL_DMA_Start_IT                         0x08001575   Thumb Code   156  stm32f1xx_hal_dma.o(i.HAL_DMA_Start_IT)
    HAL_Delay                                0x08001611   Thumb Code    36  stm32f1xx_hal.o(i.HAL_Delay)
    HAL_FLASHEx_Erase                        0x08001639   Thumb Code   168  stm32f1xx_hal_flash_ex.o(i.HAL_FLASHEx_Erase)
    HAL_FLASH_Lock                           0x080016e9   Thumb Code    16  stm32f1xx_hal_flash.o(i.HAL_FLASH_Lock)
    HAL_FLASH_Program                        0x080016fd   Thumb Code   168  stm32f1xx_hal_flash.o(i.HAL_FLASH_Program)
    HAL_FLASH_Unlock                         0x080017ad   Thumb Code    36  stm32f1xx_hal_flash.o(i.HAL_FLASH_Unlock)
    HAL_GPIO_EXTI_Callback                   0x080017dd   Thumb Code     2  stm32f1xx_hal_gpio.o(i.HAL_GPIO_EXTI_Callback)
    HAL_GPIO_EXTI_IRQHandler                 0x080017e1   Thumb Code    24  stm32f1xx_hal_gpio.o(i.HAL_GPIO_EXTI_IRQHandler)
    HAL_GPIO_Init                            0x080017fd   Thumb Code   764  stm32f1xx_hal_gpio.o(i.HAL_GPIO_Init)
    HAL_GPIO_ReadPin                         0x08001b19   Thumb Code    16  stm32f1xx_hal_gpio.o(i.HAL_GPIO_ReadPin)
    HAL_GPIO_TogglePin                       0x08001b29   Thumb Code     8  stm32f1xx_hal_gpio.o(i.HAL_GPIO_TogglePin)
    HAL_GPIO_WritePin                        0x08001b31   Thumb Code    12  stm32f1xx_hal_gpio.o(i.HAL_GPIO_WritePin)
    HAL_GetTick                              0x08001b3d   Thumb Code     6  stm32f1xx_hal.o(i.HAL_GetTick)
    HAL_IncTick                              0x08001b49   Thumb Code    16  stm32f1xx_hal.o(i.HAL_IncTick)
    HAL_Init                                 0x08001b61   Thumb Code    34  stm32f1xx_hal.o(i.HAL_Init)
    HAL_InitTick                             0x08001b89   Thumb Code    64  stm32f1xx_hal.o(i.HAL_InitTick)
    HAL_MspInit                              0x08001bd5   Thumb Code   132  stm32f1xx_hal_msp.o(i.HAL_MspInit)
    HAL_NVIC_DisableIRQ                      0x08001c61   Thumb Code    22  stm32f1xx_hal_cortex.o(i.HAL_NVIC_DisableIRQ)
    HAL_NVIC_EnableIRQ                       0x08001c7d   Thumb Code    26  stm32f1xx_hal_cortex.o(i.HAL_NVIC_EnableIRQ)
    HAL_NVIC_SetPriority                     0x08001c97   Thumb Code   124  stm32f1xx_hal_cortex.o(i.HAL_NVIC_SetPriority)
    HAL_NVIC_SetPriorityGrouping             0x08001d15   Thumb Code    32  stm32f1xx_hal_cortex.o(i.HAL_NVIC_SetPriorityGrouping)
    HAL_RCC_ClockConfig                      0x08001d3d   Thumb Code   402  stm32f1xx_hal_rcc.o(i.HAL_RCC_ClockConfig)
    HAL_RCC_GetHCLKFreq                      0x08001ee1   Thumb Code     6  stm32f1xx_hal_rcc.o(i.HAL_RCC_GetHCLKFreq)
    HAL_RCC_GetPCLK1Freq                     0x08001eed   Thumb Code    22  stm32f1xx_hal_rcc.o(i.HAL_RCC_GetPCLK1Freq)
    HAL_RCC_GetPCLK2Freq                     0x08001f0d   Thumb Code    22  stm32f1xx_hal_rcc.o(i.HAL_RCC_GetPCLK2Freq)
    HAL_RCC_GetSysClockFreq                  0x08001f2d   Thumb Code   116  stm32f1xx_hal_rcc.o(i.HAL_RCC_GetSysClockFreq)
    HAL_RCC_OscConfig                        0x08001fc1   Thumb Code  1078  stm32f1xx_hal_rcc.o(i.HAL_RCC_OscConfig)
    HAL_SYSTICK_CLKSourceConfig              0x08002401   Thumb Code    40  stm32f1xx_hal_cortex.o(i.HAL_SYSTICK_CLKSourceConfig)
    HAL_SYSTICK_Callback                     0x08002429   Thumb Code     2  stm32f1xx_hal_cortex.o(i.HAL_SYSTICK_Callback)
    HAL_SYSTICK_Config                       0x0800242b   Thumb Code    52  stm32f1xx_hal_cortex.o(i.HAL_SYSTICK_Config)
    HAL_SYSTICK_IRQHandler                   0x0800245f   Thumb Code     8  stm32f1xx_hal_cortex.o(i.HAL_SYSTICK_IRQHandler)
    HAL_TIMEx_BreakCallback                  0x08002467   Thumb Code     2  stm32f1xx_hal_tim_ex.o(i.HAL_TIMEx_BreakCallback)
    HAL_TIMEx_CommutationCallback            0x08002469   Thumb Code     2  stm32f1xx_hal_tim_ex.o(i.HAL_TIMEx_CommutationCallback)
    HAL_TIMEx_MasterConfigSynchronization    0x0800246b   Thumb Code    98  stm32f1xx_hal_tim_ex.o(i.HAL_TIMEx_MasterConfigSynchronization)
    HAL_TIM_Base_Init                        0x080024cd   Thumb Code    52  stm32f1xx_hal_tim.o(i.HAL_TIM_Base_Init)
    HAL_TIM_Base_MspInit                     0x08002501   Thumb Code    58  stm32f1xx_hal_msp.o(i.HAL_TIM_Base_MspInit)
    HAL_TIM_Base_Start_IT                    0x08002545   Thumb Code    30  stm32f1xx_hal_tim.o(i.HAL_TIM_Base_Start_IT)
    HAL_TIM_ConfigClockSource                0x08002563   Thumb Code   306  stm32f1xx_hal_tim.o(i.HAL_TIM_ConfigClockSource)
    HAL_TIM_IC_CaptureCallback               0x08002695   Thumb Code     2  stm32f1xx_hal_tim.o(i.HAL_TIM_IC_CaptureCallback)
    HAL_TIM_IRQHandler                       0x08002697   Thumb Code   406  stm32f1xx_hal_tim.o(i.HAL_TIM_IRQHandler)
    HAL_TIM_OC_DelayElapsedCallback          0x0800282d   Thumb Code     2  stm32f1xx_hal_tim.o(i.HAL_TIM_OC_DelayElapsedCallback)
    HAL_TIM_PWM_PulseFinishedCallback        0x0800282f   Thumb Code     2  stm32f1xx_hal_tim.o(i.HAL_TIM_PWM_PulseFinishedCallback)
    HAL_TIM_PeriodElapsedCallback            0x08002831   Thumb Code     8  main.o(i.HAL_TIM_PeriodElapsedCallback)
    HAL_TIM_TriggerCallback                  0x0800283d   Thumb Code     2  stm32f1xx_hal_tim.o(i.HAL_TIM_TriggerCallback)
    HAL_UART_DMAStop                         0x0800283f   Thumb Code   102  stm32f1xx_hal_uart.o(i.HAL_UART_DMAStop)
    HAL_UART_ErrorCallback                   0x080028a5   Thumb Code     2  stm32f1xx_hal_uart.o(i.HAL_UART_ErrorCallback)
    HAL_UART_Init                            0x080028a7   Thumb Code   114  stm32f1xx_hal_uart.o(i.HAL_UART_Init)
    HAL_UART_MspInit                         0x08002919   Thumb Code   154  stm32f1xx_hal_msp.o(i.HAL_UART_MspInit)
    HAL_UART_Receive_DMA                     0x080029e5   Thumb Code   182  stm32f1xx_hal_uart.o(i.HAL_UART_Receive_DMA)
    HAL_UART_RxCpltCallback                  0x08002aa9   Thumb Code     2  stm32f1xx_hal_uart.o(i.HAL_UART_RxCpltCallback)
    HAL_UART_RxHalfCpltCallback              0x08002aab   Thumb Code     2  stm32f1xx_hal_uart.o(i.HAL_UART_RxHalfCpltCallback)
    HAL_UART_Transmit                        0x08002aad   Thumb Code   214  stm32f1xx_hal_uart.o(i.HAL_UART_Transmit)
    HardFault_Handler                        0x08002b83   Thumb Code     4  stm32f1xx_it.o(i.HardFault_Handler)
    InputSDIO                                0x08002b89   Thumb Code    26  wirespi.o(i.InputSDIO)
    LoadSetArray                             0x08002ba9   Thumb Code    86  internalflash.o(i.LoadSetArray)
    MemManage_Handler                        0x08002e45   Thumb Code     4  stm32f1xx_it.o(i.MemManage_Handler)
    MyCAN_FilterConf                         0x08002e49   Thumb Code    56  can.o(i.MyCAN_FilterConf)
    NMI_Handler                              0x08002e81   Thumb Code     2  stm32f1xx_it.o(i.NMI_Handler)
    OutputSDIO                               0x08002ebd   Thumb Code    26  wirespi.o(i.OutputSDIO)
    PendSV_Handler                           0x08002edd   Thumb Code     2  stm32f1xx_it.o(i.PendSV_Handler)
    SDIO_H                                   0x08002f09   Thumb Code    18  wirespi.o(i.SDIO_H)
    SVC_Handler                              0x08002f21   Thumb Code     2  stm32f1xx_it.o(i.SVC_Handler)
    SetCSB                                   0x08002f25   Thumb Code    14  wirespi.o(i.SetCSB)
    SetFCSB                                  0x08002f39   Thumb Code    14  wirespi.o(i.SetFCSB)
    SetSDCK                                  0x08002f4d   Thumb Code    14  wirespi.o(i.SetSDCK)
    SetSDIO                                  0x08002f61   Thumb Code    14  wirespi.o(i.SetSDIO)
    SysTick_Handler                          0x08002f75   Thumb Code    12  stm32f1xx_it.o(i.SysTick_Handler)
    SystemClock_Config                       0x08002f81   Thumb Code   132  main.o(i.SystemClock_Config)
    SystemInit                               0x08003015   Thumb Code    70  system_stm32f1xx.o(i.SystemInit)
    TFT_Init                                 0x0800306d   Thumb Code   176  tft.o(i.TFT_Init)
    TFT_SendWairning                         0x08003131   Thumb Code    26  tft.o(i.TFT_SendWairning)
    TFT_StartDesktop                         0x0800315d   Thumb Code    32  tft.o(i.TFT_StartDesktop)
    TFT_StartWairning                        0x0800318d   Thumb Code    38  tft.o(i.TFT_StartWairning)
    TFT_TransTemHumi                         0x080031c1   Thumb Code    76  tft.o(i.TFT_TransTemHumi)
    TIM3_IRQHandler                          0x08003221   Thumb Code    10  stm32f1xx_it.o(i.TIM3_IRQHandler)
    TIM_Base_SetConfig                       0x08003231   Thumb Code   102  stm32f1xx_hal_tim.o(i.TIM_Base_SetConfig)
    USART2_IRQHandler                        0x08003635   Thumb Code    74  stm32f1xx_it.o(i.USART2_IRQHandler)
    USB_LP_CAN1_RX0_IRQHandler               0x0800368d   Thumb Code    10  stm32f1xx_it.o(i.USB_LP_CAN1_RX0_IRQHandler)
    UsageFault_Handler                       0x0800369d   Thumb Code     4  stm32f1xx_it.o(i.UsageFault_Handler)
    _Error_Handler                           0x080036a1   Thumb Code     4  main.o(i._Error_Handler)
    __scatterload_copy                       0x080036a5   Thumb Code    14  handlers.o(i.__scatterload_copy)
    __scatterload_null                       0x080036b3   Thumb Code     2  handlers.o(i.__scatterload_null)
    __scatterload_zeroinit                   0x080036b5   Thumb Code    14  handlers.o(i.__scatterload_zeroinit)
    bCMT2219_GetMessage                      0x080036c3   Thumb Code    50  cmt2219a.o(i.bCMT2219_GetMessage)
    bSpi3Read                                0x080036f5   Thumb Code    18  wirespi.o(i.bSpi3Read)
    bSpi3ReadByte                            0x08003707   Thumb Code    88  wirespi.o(i.bSpi3ReadByte)
    bSpi3ReadFIFO                            0x0800375f   Thumb Code   124  wirespi.o(i.bSpi3ReadFIFO)
    main                                     0x080037dd   Thumb Code  1618  main.o(i.main)
    vCMT2219_EnableIntSource                 0x08003e55   Thumb Code    14  cmt2219a.o(i.vCMT2219_EnableIntSource)
    vCMT2219_GoRx                            0x08003e85   Thumb Code    50  cmt2219a.o(i.vCMT2219_GoRx)
    vCMT2219_GpioFuncCfg                     0x08003eb7   Thumb Code    14  cmt2219a.o(i.vCMT2219_GpioFuncCfg)
    vCMT2219_Init                            0x08003ec5   Thumb Code    76  cmt2219a.o(i.vCMT2219_Init)
    vCMT2219_IntOutputCfg                    0x08003f15   Thumb Code    24  cmt2219a.o(i.vCMT2219_IntOutputCfg)
    vCMT2219_Setup                           0x08003f2d   Thumb Code    48  main.o(i.vCMT2219_Setup)
    vSpi3Init                                0x08003fc1   Thumb Code    28  wirespi.o(i.vSpi3Init)
    vSpi3Write                               0x08003fe1   Thumb Code    24  wirespi.o(i.vSpi3Write)
    vSpi3WriteByte                           0x08003ff9   Thumb Code    92  wirespi.o(i.vSpi3WriteByte)
    AHBPrescTable                            0x08004054   Data          16  system_stm32f1xx.o(.constdata)
    APBPrescTable                            0x08004064   Data           8  system_stm32f1xx.o(.constdata)
    Region$$Table$$Base                      0x0800406c   Number         0  anon$$obj.o(Region$$Table)
    Region$$Table$$Limit                     0x0800408c   Number         0  anon$$obj.o(Region$$Table)
    WIFI_RxBuf                               0x20000000   Data          12  main.o(.data)
    TFT_ACK                                  0x2000000c   Data           6  main.o(.data)
    Alarm_state                              0x20000014   Data           8  main.o(.data)
    TFTRxComplete                            0x2000001c   Data           1  main.o(.data)
    alarm_pos                                0x2000001d   Data           1  main.o(.data)
    alarm_cnt                                0x2000001e   Data           2  main.o(.data)
    alarm_send                               0x20000020   Data           1  main.o(.data)
    value_xor                                0x20000021   Data           1  main.o(.data)
    selfcheck_cnt                            0x20000022   Data           1  main.o(.data)
    CAN_Tx_Flag                              0x20000023   Data           1  main.o(.data)
    CAN_AlarmTxBuf                           0x20000024   Data           8  main.o(.data)
    CAN_TxBuf                                0x2000002c   Data           8  main.o(.data)
    radio                                    0x20000034   Data           4  main.o(.data)
    frame_valid                              0x20000038   Data           1  stm32f1xx_it.o(.data)
    uwTick                                   0x2000003c   Data           4  stm32f1xx_hal.o(.data)
    uwTickPrio                               0x20000040   Data           4  stm32f1xx_hal.o(.data)
    uwTickFreq                               0x20000044   Data           1  stm32f1xx_hal.o(.data)
    SystemCoreClock                          0x20000048   Data           4  system_stm32f1xx.o(.data)
    pRfm219a                                 0x2000004c   Data           4  cmt2219a.o(.data)
    CfgTbl                                   0x20000050   Data          62  cmt2219a.o(.data)
    fac_us                                   0x2000008e   Data           1  delay.o(.data)
    hcan                                     0x20000090   Data          68  main.o(.bss)
    htim3                                    0x200000d4   Data          64  main.o(.bss)
    huart2                                   0x20000114   Data          64  main.o(.bss)
    hdma_usart2_rx                           0x20000154   Data          68  main.o(.bss)
    TFT_RxBuf                                0x20000198   Data         110  main.o(.bss)
    hsensor                                  0x20000208   Data          20  main.o(.bss)
    sFilterConfig                            0x2000021c   Data          40  main.o(.bss)
    pFlash                                   0x20000248   Data          32  stm32f1xx_hal_flash.o(.bss)
    __initial_sp                             0x200006a8   Data           0  startup_stm32f103xb.o(STACK)



==============================================================================

Memory Map of the image

  Image Entry point : 0x080000ed

  Load Region LR_IROM1 (Base: 0x08000000, Size: 0x0000411c, Max: 0x00010000, ABSOLUTE)

    Execution Region ER_IROM1 (Base: 0x08000000, Size: 0x0000408c, Max: 0x00010000, ABSOLUTE)

    Base Addr    Size         Type   Attr      Idx    E Section Name        Object

    0x08000000   0x000000ec   Data   RO            3    RESET               startup_stm32f103xb.o
    0x080000ec   0x00000000   Code   RO         3124  * .ARM.Collect$$$$00000000  mc_w.l(entry.o)
    0x080000ec   0x00000004   Code   RO         3139    .ARM.Collect$$$$00000001  mc_w.l(entry2.o)
    0x080000f0   0x00000004   Code   RO         3142    .ARM.Collect$$$$00000004  mc_w.l(entry5.o)
    0x080000f4   0x00000000   Code   RO         3144    .ARM.Collect$$$$00000008  mc_w.l(entry7b.o)
    0x080000f4   0x00000000   Code   RO         3146    .ARM.Collect$$$$0000000A  mc_w.l(entry8b.o)
    0x080000f4   0x00000008   Code   RO         3147    .ARM.Collect$$$$0000000B  mc_w.l(entry9a.o)
    0x080000fc   0x00000000   Code   RO         3149    .ARM.Collect$$$$0000000D  mc_w.l(entry10a.o)
    0x080000fc   0x00000000   Code   RO         3151    .ARM.Collect$$$$0000000F  mc_w.l(entry11a.o)
    0x080000fc   0x00000004   Code   RO         3140    .ARM.Collect$$$$00002712  mc_w.l(entry2.o)
    0x08000100   0x00000024   Code   RO            4    .text               startup_stm32f103xb.o
    0x08000124   0x00000020   Code   RO         3127    .text               mc_w.l(llushr.o)
    0x08000144   0x000000b0   Code   RO         3129    .text               mf_w.l(fadd.o)
    0x080001f4   0x000000de   Code   RO         3131    .text               mf_w.l(ddiv.o)
    0x080002d2   0x00000028   Code   RO         3133    .text               mf_w.l(ffixui.o)
    0x080002fa   0x00000032   Code   RO         3135    .text               mf_w.l(dfixui.o)
    0x0800032c   0x00000026   Code   RO         3137    .text               mf_w.l(f2d.o)
    0x08000352   0x00000000   Code   RO         3153    .text               mc_w.l(iusefp.o)
    0x08000352   0x0000006e   Code   RO         3154    .text               mf_w.l(fepilogue.o)
    0x080003c0   0x000000ba   Code   RO         3156    .text               mf_w.l(depilogue.o)
    0x0800047a   0x00000002   PAD
    0x0800047c   0x00000024   Code   RO         3158    .text               mc_w.l(init.o)
    0x080004a0   0x0000001e   Code   RO         3160    .text               mc_w.l(llshl.o)
    0x080004be   0x00000004   Code   RO          263    i.BusFault_Handler  stm32f1xx_it.o
    0x080004c2   0x000001c2   Code   RO          967    i.CAN_Receive_IT    stm32f1xx_hal_can.o
    0x08000684   0x00000034   Code   RO         2699    i.CAN_TX_Init       can.o
    0x080006b8   0x00000062   Code   RO          968    i.CAN_Transmit_IT   stm32f1xx_hal_can.o
    0x0800071a   0x00000002   PAD
    0x0800071c   0x00000014   Code   RO         2983    i.ClrCSB            wirespi.o
    0x08000730   0x00000014   Code   RO         2984    i.ClrFCSB           wirespi.o
    0x08000744   0x00000014   Code   RO         2985    i.ClrSDCK           wirespi.o
    0x08000758   0x00000014   Code   RO         2986    i.ClrSDIO           wirespi.o
    0x0800076c   0x00000010   Code   RO          264    i.DMA1_Channel6_IRQHandler  stm32f1xx_it.o
    0x0800077c   0x0000002c   Code   RO         1967    i.DMA_SetConfig     stm32f1xx_hal_dma.o
    0x080007a8   0x00000002   Code   RO          265    i.DebugMon_Handler  stm32f1xx_it.o
    0x080007aa   0x00000002   PAD
    0x080007ac   0x00000014   Code   RO         2828    i.Delay_Init        delay.o
    0x080007c0   0x00000048   Code   RO         2829    i.Delay_us          delay.o
    0x08000808   0x00000014   Code   RO          266    i.EXTI2_IRQHandler  stm32f1xx_it.o
    0x0800081c   0x00000028   Code   RO         2098    i.FLASH_MassErase   stm32f1xx_hal_flash_ex.o
    0x08000844   0x00000028   Code   RO         2107    i.FLASH_PageErase   stm32f1xx_hal_flash_ex.o
    0x0800086c   0x00000020   Code   RO          864    i.FLASH_Program_HalfWord  stm32f1xx_hal_flash.o
    0x0800088c   0x00000084   Code   RO          865    i.FLASH_SetErrorCode  stm32f1xx_hal_flash.o
    0x08000910   0x00000070   Code   RO          866    i.FLASH_WaitForLastOperation  stm32f1xx_hal_flash.o
    0x08000980   0x0000002a   Code   RO         2864    i.FlashErase        internalflash.o
    0x080009aa   0x00000006   Code   RO         2865    i.FlashRead32bit    internalflash.o
    0x080009b0   0x00000042   Code   RO         2866    i.FlashWrite_ArrayUint32  internalflash.o
    0x080009f2   0x00000124   Code   RO          969    i.HAL_CAN_ConfigFilter  stm32f1xx_hal_can.o
    0x08000b16   0x00000002   Code   RO          971    i.HAL_CAN_ErrorCallback  stm32f1xx_hal_can.o
    0x08000b18   0x00000254   Code   RO          974    i.HAL_CAN_IRQHandler  stm32f1xx_hal_can.o
    0x08000d6c   0x0000016e   Code   RO          975    i.HAL_CAN_Init      stm32f1xx_hal_can.o
    0x08000eda   0x00000002   PAD
    0x08000edc   0x00000074   Code   RO          203    i.HAL_CAN_MspInit   stm32f1xx_hal_msp.o
    0x08000f50   0x0000010c   Code   RO          979    i.HAL_CAN_Receive_IT  stm32f1xx_hal_can.o
    0x0800105c   0x00000020   Code   RO         2700    i.HAL_CAN_RxCpltCallback  can.o
    0x0800107c   0x000002b0   Code   RO          982    i.HAL_CAN_Transmit  stm32f1xx_hal_can.o
    0x0800132c   0x00000002   Code   RO          984    i.HAL_CAN_TxCpltCallback  stm32f1xx_hal_can.o
    0x0800132e   0x0000003a   Code   RO         1968    i.HAL_DMA_Abort     stm32f1xx_hal_dma.o
    0x08001368   0x0000019c   Code   RO         1973    i.HAL_DMA_IRQHandler  stm32f1xx_hal_dma.o
    0x08001504   0x00000070   Code   RO         1974    i.HAL_DMA_Init      stm32f1xx_hal_dma.o
    0x08001574   0x0000009c   Code   RO         1978    i.HAL_DMA_Start_IT  stm32f1xx_hal_dma.o
    0x08001610   0x00000028   Code   RO         2211    i.HAL_Delay         stm32f1xx_hal.o
    0x08001638   0x000000b0   Code   RO         2108    i.HAL_FLASHEx_Erase  stm32f1xx_hal_flash_ex.o
    0x080016e8   0x00000014   Code   RO          870    i.HAL_FLASH_Lock    stm32f1xx_hal_flash.o
    0x080016fc   0x000000b0   Code   RO          875    i.HAL_FLASH_Program  stm32f1xx_hal_flash.o
    0x080017ac   0x00000030   Code   RO          877    i.HAL_FLASH_Unlock  stm32f1xx_hal_flash.o
    0x080017dc   0x00000002   Code   RO         2364    i.HAL_GPIO_EXTI_Callback  stm32f1xx_hal_gpio.o
    0x080017de   0x00000002   PAD
    0x080017e0   0x0000001c   Code   RO         2365    i.HAL_GPIO_EXTI_IRQHandler  stm32f1xx_hal_gpio.o
    0x080017fc   0x0000031c   Code   RO         2366    i.HAL_GPIO_Init     stm32f1xx_hal_gpio.o
    0x08001b18   0x00000010   Code   RO         2368    i.HAL_GPIO_ReadPin  stm32f1xx_hal_gpio.o
    0x08001b28   0x00000008   Code   RO         2369    i.HAL_GPIO_TogglePin  stm32f1xx_hal_gpio.o
    0x08001b30   0x0000000c   Code   RO         2370    i.HAL_GPIO_WritePin  stm32f1xx_hal_gpio.o
    0x08001b3c   0x0000000c   Code   RO         2215    i.HAL_GetTick       stm32f1xx_hal.o
    0x08001b48   0x00000018   Code   RO         2219    i.HAL_IncTick       stm32f1xx_hal.o
    0x08001b60   0x00000028   Code   RO         2220    i.HAL_Init          stm32f1xx_hal.o
    0x08001b88   0x0000004c   Code   RO         2221    i.HAL_InitTick      stm32f1xx_hal.o
    0x08001bd4   0x0000008c   Code   RO          204    i.HAL_MspInit       stm32f1xx_hal_msp.o
    0x08001c60   0x0000001c   Code   RO         1098    i.HAL_NVIC_DisableIRQ  stm32f1xx_hal_cortex.o
    0x08001c7c   0x0000001a   Code   RO         1099    i.HAL_NVIC_EnableIRQ  stm32f1xx_hal_cortex.o
    0x08001c96   0x0000007c   Code   RO         1105    i.HAL_NVIC_SetPriority  stm32f1xx_hal_cortex.o
    0x08001d12   0x00000002   PAD
    0x08001d14   0x00000028   Code   RO         1106    i.HAL_NVIC_SetPriorityGrouping  stm32f1xx_hal_cortex.o
    0x08001d3c   0x000001a4   Code   RO         1220    i.HAL_RCC_ClockConfig  stm32f1xx_hal_rcc.o
    0x08001ee0   0x0000000c   Code   RO         1225    i.HAL_RCC_GetHCLKFreq  stm32f1xx_hal_rcc.o
    0x08001eec   0x00000020   Code   RO         1227    i.HAL_RCC_GetPCLK1Freq  stm32f1xx_hal_rcc.o
    0x08001f0c   0x00000020   Code   RO         1228    i.HAL_RCC_GetPCLK2Freq  stm32f1xx_hal_rcc.o
    0x08001f2c   0x00000094   Code   RO         1229    i.HAL_RCC_GetSysClockFreq  stm32f1xx_hal_rcc.o
    0x08001fc0   0x00000440   Code   RO         1232    i.HAL_RCC_OscConfig  stm32f1xx_hal_rcc.o
    0x08002400   0x00000028   Code   RO         1108    i.HAL_SYSTICK_CLKSourceConfig  stm32f1xx_hal_cortex.o
    0x08002428   0x00000002   Code   RO         1109    i.HAL_SYSTICK_Callback  stm32f1xx_hal_cortex.o
    0x0800242a   0x00000034   Code   RO         1110    i.HAL_SYSTICK_Config  stm32f1xx_hal_cortex.o
    0x0800245e   0x00000008   Code   RO         1111    i.HAL_SYSTICK_IRQHandler  stm32f1xx_hal_cortex.o
    0x08002466   0x00000002   Code   RO         2429    i.HAL_TIMEx_BreakCallback  stm32f1xx_hal_tim_ex.o
    0x08002468   0x00000002   Code   RO         2430    i.HAL_TIMEx_CommutationCallback  stm32f1xx_hal_tim_ex.o
    0x0800246a   0x00000062   Code   RO         2446    i.HAL_TIMEx_MasterConfigSynchronization  stm32f1xx_hal_tim_ex.o
    0x080024cc   0x00000034   Code   RO         1328    i.HAL_TIM_Base_Init  stm32f1xx_hal_tim.o
    0x08002500   0x00000044   Code   RO          206    i.HAL_TIM_Base_MspInit  stm32f1xx_hal_msp.o
    0x08002544   0x0000001e   Code   RO         1333    i.HAL_TIM_Base_Start_IT  stm32f1xx_hal_tim.o
    0x08002562   0x00000132   Code   RO         1337    i.HAL_TIM_ConfigClockSource  stm32f1xx_hal_tim.o
    0x08002694   0x00000002   Code   RO         1357    i.HAL_TIM_IC_CaptureCallback  stm32f1xx_hal_tim.o
    0x08002696   0x00000196   Code   RO         1370    i.HAL_TIM_IRQHandler  stm32f1xx_hal_tim.o
    0x0800282c   0x00000002   Code   RO         1373    i.HAL_TIM_OC_DelayElapsedCallback  stm32f1xx_hal_tim.o
    0x0800282e   0x00000002   Code   RO         1400    i.HAL_TIM_PWM_PulseFinishedCallback  stm32f1xx_hal_tim.o
    0x08002830   0x0000000c   Code   RO           13    i.HAL_TIM_PeriodElapsedCallback  main.o
    0x0800283c   0x00000002   Code   RO         1411    i.HAL_TIM_TriggerCallback  stm32f1xx_hal_tim.o
    0x0800283e   0x00000066   Code   RO          427    i.HAL_UART_DMAStop  stm32f1xx_hal_uart.o
    0x080028a4   0x00000002   Code   RO          429    i.HAL_UART_ErrorCallback  stm32f1xx_hal_uart.o
    0x080028a6   0x00000072   Code   RO          433    i.HAL_UART_Init     stm32f1xx_hal_uart.o
    0x08002918   0x000000cc   Code   RO          208    i.HAL_UART_MspInit  stm32f1xx_hal_msp.o
    0x080029e4   0x000000c4   Code   RO          437    i.HAL_UART_Receive_DMA  stm32f1xx_hal_uart.o
    0x08002aa8   0x00000002   Code   RO          439    i.HAL_UART_RxCpltCallback  stm32f1xx_hal_uart.o
    0x08002aaa   0x00000002   Code   RO          440    i.HAL_UART_RxHalfCpltCallback  stm32f1xx_hal_uart.o
    0x08002aac   0x000000d6   Code   RO          441    i.HAL_UART_Transmit  stm32f1xx_hal_uart.o
    0x08002b82   0x00000004   Code   RO          267    i.HardFault_Handler  stm32f1xx_it.o
    0x08002b86   0x00000002   PAD
    0x08002b88   0x00000020   Code   RO         2987    i.InputSDIO         wirespi.o
    0x08002ba8   0x00000056   Code   RO         2870    i.LoadSetArray      internalflash.o
    0x08002bfe   0x00000002   PAD
    0x08002c00   0x00000058   Code   RO           14    i.MX_CAN_Init       main.o
    0x08002c58   0x00000034   Code   RO           15    i.MX_DMA_Init       main.o
    0x08002c8c   0x000000e8   Code   RO           16    i.MX_GPIO_Init      main.o
    0x08002d74   0x00000084   Code   RO           17    i.MX_TIM3_Init      main.o
    0x08002df8   0x0000004c   Code   RO           18    i.MX_USART2_UART_Init  main.o
    0x08002e44   0x00000004   Code   RO          268    i.MemManage_Handler  stm32f1xx_it.o
    0x08002e48   0x00000038   Code   RO         2701    i.MyCAN_FilterConf  can.o
    0x08002e80   0x00000002   Code   RO          269    i.NMI_Handler       stm32f1xx_it.o
    0x08002e82   0x00000002   PAD
    0x08002e84   0x00000010   Code   RO         1112    i.NVIC_GetPriorityGrouping  stm32f1xx_hal_cortex.o
    0x08002e94   0x00000028   Code   RO         1113    i.NVIC_SetPriority  stm32f1xx_hal_cortex.o
    0x08002ebc   0x00000020   Code   RO         2988    i.OutputSDIO        wirespi.o
    0x08002edc   0x00000002   Code   RO          270    i.PendSV_Handler    stm32f1xx_it.o
    0x08002ede   0x00000002   PAD
    0x08002ee0   0x00000028   Code   RO         1233    i.RCC_Delay         stm32f1xx_hal_rcc.o
    0x08002f08   0x00000018   Code   RO         2989    i.SDIO_H            wirespi.o
    0x08002f20   0x00000002   Code   RO          271    i.SVC_Handler       stm32f1xx_it.o
    0x08002f22   0x00000002   PAD
    0x08002f24   0x00000014   Code   RO         2991    i.SetCSB            wirespi.o
    0x08002f38   0x00000014   Code   RO         2992    i.SetFCSB           wirespi.o
    0x08002f4c   0x00000014   Code   RO         2993    i.SetSDCK           wirespi.o
    0x08002f60   0x00000014   Code   RO         2994    i.SetSDIO           wirespi.o
    0x08002f74   0x0000000c   Code   RO          272    i.SysTick_Handler   stm32f1xx_it.o
    0x08002f80   0x00000094   Code   RO           19    i.SystemClock_Config  main.o
    0x08003014   0x00000058   Code   RO         2663    i.SystemInit        system_stm32f1xx.o
    0x0800306c   0x000000c4   Code   RO         2927    i.TFT_Init          tft.o
    0x08003130   0x0000002c   Code   RO         2928    i.TFT_SendWairning  tft.o
    0x0800315c   0x00000030   Code   RO         2929    i.TFT_StartDesktop  tft.o
    0x0800318c   0x00000034   Code   RO         2930    i.TFT_StartWairning  tft.o
    0x080031c0   0x00000060   Code   RO         2931    i.TFT_TransTemHumi  tft.o
    0x08003220   0x00000010   Code   RO          273    i.TIM3_IRQHandler   stm32f1xx_it.o
    0x08003230   0x00000074   Code   RO         1412    i.TIM_Base_SetConfig  stm32f1xx_hal_tim.o
    0x080032a4   0x00000018   Code   RO         1419    i.TIM_ETR_SetConfig  stm32f1xx_hal_tim.o
    0x080032bc   0x00000014   Code   RO         1420    i.TIM_ITRx_SetConfig  stm32f1xx_hal_tim.o
    0x080032d0   0x0000002a   Code   RO         1426    i.TIM_TI1_ConfigInputStage  stm32f1xx_hal_tim.o
    0x080032fa   0x0000002c   Code   RO         1428    i.TIM_TI2_ConfigInputStage  stm32f1xx_hal_tim.o
    0x08003326   0x00000050   Code   RO          447    i.UART_DMAError     stm32f1xx_hal_uart.o
    0x08003376   0x00000046   Code   RO          448    i.UART_DMAReceiveCplt  stm32f1xx_hal_uart.o
    0x080033bc   0x0000000e   Code   RO          450    i.UART_DMARxHalfCplt  stm32f1xx_hal_uart.o
    0x080033ca   0x00000020   Code   RO          456    i.UART_EndRxTransfer  stm32f1xx_hal_uart.o
    0x080033ea   0x00000014   Code   RO          458    i.UART_EndTxTransfer  stm32f1xx_hal_uart.o
    0x080033fe   0x00000002   PAD
    0x08003400   0x000001c8   Code   RO          460    i.UART_SetConfig    stm32f1xx_hal_uart.o
    0x080035c8   0x0000006c   Code   RO          462    i.UART_WaitOnFlagUntilTimeout  stm32f1xx_hal_uart.o
    0x08003634   0x00000058   Code   RO          274    i.USART2_IRQHandler  stm32f1xx_it.o
    0x0800368c   0x00000010   Code   RO          275    i.USB_LP_CAN1_RX0_IRQHandler  stm32f1xx_it.o
    0x0800369c   0x00000004   Code   RO          276    i.UsageFault_Handler  stm32f1xx_it.o
    0x080036a0   0x00000004   Code   RO           20    i._Error_Handler    main.o
    0x080036a4   0x0000000e   Code   RO         3164    i.__scatterload_copy  mc_w.l(handlers.o)
    0x080036b2   0x00000002   Code   RO         3165    i.__scatterload_null  mc_w.l(handlers.o)
    0x080036b4   0x0000000e   Code   RO         3166    i.__scatterload_zeroinit  mc_w.l(handlers.o)
    0x080036c2   0x00000032   Code   RO         2740    i.bCMT2219_GetMessage  cmt2219a.o
    0x080036f4   0x00000012   Code   RO         2995    i.bSpi3Read         wirespi.o
    0x08003706   0x00000058   Code   RO         2996    i.bSpi3ReadByte     wirespi.o
    0x0800375e   0x0000007c   Code   RO         2997    i.bSpi3ReadFIFO     wirespi.o
    0x080037da   0x00000002   PAD
    0x080037dc   0x00000678   Code   RO           21    i.main              main.o
    0x08003e54   0x0000000e   Code   RO         2742    i.vCMT2219_EnableIntSource  cmt2219a.o
    0x08003e62   0x00000002   PAD
    0x08003e64   0x00000020   Code   RO         2743    i.vCMT2219_GPIO_Init  cmt2219a.o
    0x08003e84   0x00000032   Code   RO         2744    i.vCMT2219_GoRx     cmt2219a.o
    0x08003eb6   0x0000000e   Code   RO         2745    i.vCMT2219_GpioFuncCfg  cmt2219a.o
    0x08003ec4   0x00000050   Code   RO         2746    i.vCMT2219_Init     cmt2219a.o
    0x08003f14   0x00000018   Code   RO         2747    i.vCMT2219_IntOutputCfg  cmt2219a.o
    0x08003f2c   0x00000038   Code   RO           22    i.vCMT2219_Setup    main.o
    0x08003f64   0x00000018   Code   RO         2748    i.vClearFIFO        cmt2219a.o
    0x08003f7c   0x0000000c   Code   RO         2749    i.vClearIntFlag     cmt2219a.o
    0x08003f88   0x0000001c   Code   RO         2750    i.vGoSleep          cmt2219a.o
    0x08003fa4   0x0000001c   Code   RO         2751    i.vGoStandby        cmt2219a.o
    0x08003fc0   0x00000020   Code   RO         3000    i.vSpi3Init         wirespi.o
    0x08003fe0   0x00000018   Code   RO         3001    i.vSpi3Write        wirespi.o
    0x08003ff8   0x0000005c   Code   RO         3002    i.vSpi3WriteByte    wirespi.o
    0x08004054   0x00000018   Data   RO         2664    .constdata          system_stm32f1xx.o
    0x0800406c   0x00000020   Data   RO         3162    Region$$Table       anon$$obj.o


    Execution Region RW_IRAM1 (Base: 0x20000000, Size: 0x000006a8, Max: 0x00005000, ABSOLUTE)

    Base Addr    Size         Type   Attr      Idx    E Section Name        Object

    0x20000000   0x00000038   Data   RW           24    .data               main.o
    0x20000038   0x00000001   Data   RW          277    .data               stm32f1xx_it.o
    0x20000039   0x00000003   PAD
    0x2000003c   0x00000009   Data   RW         2227    .data               stm32f1xx_hal.o
    0x20000045   0x00000003   PAD
    0x20000048   0x00000004   Data   RW         2665    .data               system_stm32f1xx.o
    0x2000004c   0x00000042   Data   RW         2752    .data               cmt2219a.o
    0x2000008e   0x00000001   Data   RW         2830    .data               delay.o
    0x2000008f   0x00000001   PAD
    0x20000090   0x000001b4   Zero   RW           23    .bss                main.o
    0x20000244   0x00000004   PAD
    0x20000248   0x00000020   Zero   RW          878    .bss                stm32f1xx_hal_flash.o
    0x20000268   0x00000040   Zero   RW         2702    .bss                can.o
    0x200002a8   0x00000400   Zero   RW            1    STACK               startup_stm32f103xb.o


==============================================================================

Image component sizes


      Code (inc. data)   RO Data    RW Data    ZI Data      Debug   Object Name

       140         22          0          0         64       2110   can.o
       356         10          0         66          0       6570   cmt2219a.o
        92          8          0          1          0       1437   delay.o
       200          0          0          0          0       3138   internalflash.o
      2456        278          0         56        436     461681   main.o
        36          8        236          0       1024        812   startup_stm32f103xb.o
       192         36          0          9          0       3901   stm32f1xx_hal.o
      2762         28          0          0          0       7712   stm32f1xx_hal_can.o
       376         28          0          0          0      28599   stm32f1xx_hal_cortex.o
       782          8          0          0          0       4147   stm32f1xx_hal_dma.o
       520         48          0          0         32       4234   stm32f1xx_hal_flash.o
       256         26          0          0          0       2591   stm32f1xx_hal_flash_ex.o
       862         36          0          0          0       5092   stm32f1xx_hal_gpio.o
       528         82          0          0          0       2943   stm32f1xx_hal_msp.o
      1772        108          0          0          0       6016   stm32f1xx_hal_rcc.o
      1048         14          0          0          0       9183   stm32f1xx_hal_tim.o
       102          0          0          0          0       2294   stm32f1xx_hal_tim_ex.o
      1412         20          0          0          0       9691   stm32f1xx_hal_uart.o
       192         36          0          1          0       7250   stm32f1xx_it.o
        88         18         24          4          0       1195   system_stm32f1xx.o
       436         88          0          0          0       3004   tft.o
       626         62          0          0          0       8826   wirespi.o

    ----------------------------------------------------------------------
     15260        964        292        144       1560     582426   Object Totals
         0          0         32          0          0          0   (incl. Generated)
        26          0          0          7          4          0   (incl. Padding)

    ----------------------------------------------------------------------

      Code (inc. data)   RO Data    RW Data    ZI Data      Debug   Library Member Name

         0          0          0          0          0          0   entry.o
         0          0          0          0          0          0   entry10a.o
         0          0          0          0          0          0   entry11a.o
         8          4          0          0          0          0   entry2.o
         4          0          0          0          0          0   entry5.o
         0          0          0          0          0          0   entry7b.o
         0          0          0          0          0          0   entry8b.o
         8          4          0          0          0          0   entry9a.o
        30          0          0          0          0          0   handlers.o
        36          8          0          0          0         68   init.o
         0          0          0          0          0          0   iusefp.o
        30          0          0          0          0         68   llshl.o
        32          0          0          0          0         68   llushr.o
       222          0          0          0          0        100   ddiv.o
       186          0          0          0          0        176   depilogue.o
        50          0          0          0          0         76   dfixui.o
        38          0          0          0          0         68   f2d.o
       176          0          0          0          0        140   fadd.o
       110          0          0          0          0        168   fepilogue.o
        40          0          0          0          0         68   ffixui.o

    ----------------------------------------------------------------------
       972         16          0          0          0       1000   Library Totals
         2          0          0          0          0          0   (incl. Padding)

    ----------------------------------------------------------------------

      Code (inc. data)   RO Data    RW Data    ZI Data      Debug   Library Name

       148         16          0          0          0        204   mc_w.l
       822          0          0          0          0        796   mf_w.l

    ----------------------------------------------------------------------
       972         16          0          0          0       1000   Library Totals

    ----------------------------------------------------------------------

==============================================================================


      Code (inc. data)   RO Data    RW Data    ZI Data      Debug   

     16232        980        292        144       1560     575518   Grand Totals
     16232        980        292        144       1560     575518   ELF Image Totals
     16232        980        292        144          0          0   ROM Totals

==============================================================================

    Total RO  Size (Code + RO Data)                16524 (  16.14kB)
    Total RW  Size (RW Data + ZI Data)              1704 (   1.66kB)
    Total ROM Size (Code + RO Data + RW Data)      16668 (  16.28kB)

==============================================================================

